Archive member included to satisfy reference by file (symbol)

C:/ST/STM32CubeIDE_1.16.0/STM32CubeIDE/plugins/com.st.stm32cube.ide.mcu.externaltools.gnu-tools-for-stm32.12.3.rel1.win32_1.0.200.202406191623/tools/bin/../lib/gcc/arm-none-eabi/12.3.1/../../../../arm-none-eabi/lib/thumb/v7e-m+fp/hard\libc_nano.a(libc_a-exit.o)
                              C:/ST/STM32CubeIDE_1.16.0/STM32CubeIDE/plugins/com.st.stm32cube.ide.mcu.externaltools.gnu-tools-for-stm32.12.3.rel1.win32_1.0.200.202406191623/tools/bin/../lib/gcc/arm-none-eabi/12.3.1/../../../../arm-none-eabi/lib/thumb/v7e-m+fp/hard/crt0.o (exit)
C:/ST/STM32CubeIDE_1.16.0/STM32CubeIDE/plugins/com.st.stm32cube.ide.mcu.externaltools.gnu-tools-for-stm32.12.3.rel1.win32_1.0.200.202406191623/tools/bin/../lib/gcc/arm-none-eabi/12.3.1/../../../../arm-none-eabi/lib/thumb/v7e-m+fp/hard\libc_nano.a(libc_a-findfp.o)
                              C:/ST/STM32CubeIDE_1.16.0/STM32CubeIDE/plugins/com.st.stm32cube.ide.mcu.externaltools.gnu-tools-for-stm32.12.3.rel1.win32_1.0.200.202406191623/tools/bin/../lib/gcc/arm-none-eabi/12.3.1/../../../../arm-none-eabi/lib/thumb/v7e-m+fp/hard\libc_nano.a(libc_a-exit.o) (__stdio_exit_handler)
C:/ST/STM32CubeIDE_1.16.0/STM32CubeIDE/plugins/com.st.stm32cube.ide.mcu.externaltools.gnu-tools-for-stm32.12.3.rel1.win32_1.0.200.202406191623/tools/bin/../lib/gcc/arm-none-eabi/12.3.1/../../../../arm-none-eabi/lib/thumb/v7e-m+fp/hard\libc_nano.a(libc_a-fwalk.o)
                              C:/ST/STM32CubeIDE_1.16.0/STM32CubeIDE/plugins/com.st.stm32cube.ide.mcu.externaltools.gnu-tools-for-stm32.12.3.rel1.win32_1.0.200.202406191623/tools/bin/../lib/gcc/arm-none-eabi/12.3.1/../../../../arm-none-eabi/lib/thumb/v7e-m+fp/hard\libc_nano.a(libc_a-findfp.o) (_fwalk_sglue)
C:/ST/STM32CubeIDE_1.16.0/STM32CubeIDE/plugins/com.st.stm32cube.ide.mcu.externaltools.gnu-tools-for-stm32.12.3.rel1.win32_1.0.200.202406191623/tools/bin/../lib/gcc/arm-none-eabi/12.3.1/../../../../arm-none-eabi/lib/thumb/v7e-m+fp/hard\libc_nano.a(libc_a-stdio.o)
                              C:/ST/STM32CubeIDE_1.16.0/STM32CubeIDE/plugins/com.st.stm32cube.ide.mcu.externaltools.gnu-tools-for-stm32.12.3.rel1.win32_1.0.200.202406191623/tools/bin/../lib/gcc/arm-none-eabi/12.3.1/../../../../arm-none-eabi/lib/thumb/v7e-m+fp/hard\libc_nano.a(libc_a-findfp.o) (__sread)
C:/ST/STM32CubeIDE_1.16.0/STM32CubeIDE/plugins/com.st.stm32cube.ide.mcu.externaltools.gnu-tools-for-stm32.12.3.rel1.win32_1.0.200.202406191623/tools/bin/../lib/gcc/arm-none-eabi/12.3.1/../../../../arm-none-eabi/lib/thumb/v7e-m+fp/hard\libc_nano.a(libc_a-memset.o)
                              C:/ST/STM32CubeIDE_1.16.0/STM32CubeIDE/plugins/com.st.stm32cube.ide.mcu.externaltools.gnu-tools-for-stm32.12.3.rel1.win32_1.0.200.202406191623/tools/bin/../lib/gcc/arm-none-eabi/12.3.1/../../../../arm-none-eabi/lib/thumb/v7e-m+fp/hard/crt0.o (memset)
C:/ST/STM32CubeIDE_1.16.0/STM32CubeIDE/plugins/com.st.stm32cube.ide.mcu.externaltools.gnu-tools-for-stm32.12.3.rel1.win32_1.0.200.202406191623/tools/bin/../lib/gcc/arm-none-eabi/12.3.1/../../../../arm-none-eabi/lib/thumb/v7e-m+fp/hard\libc_nano.a(libc_a-closer.o)
                              C:/ST/STM32CubeIDE_1.16.0/STM32CubeIDE/plugins/com.st.stm32cube.ide.mcu.externaltools.gnu-tools-for-stm32.12.3.rel1.win32_1.0.200.202406191623/tools/bin/../lib/gcc/arm-none-eabi/12.3.1/../../../../arm-none-eabi/lib/thumb/v7e-m+fp/hard\libc_nano.a(libc_a-stdio.o) (_close_r)
C:/ST/STM32CubeIDE_1.16.0/STM32CubeIDE/plugins/com.st.stm32cube.ide.mcu.externaltools.gnu-tools-for-stm32.12.3.rel1.win32_1.0.200.202406191623/tools/bin/../lib/gcc/arm-none-eabi/12.3.1/../../../../arm-none-eabi/lib/thumb/v7e-m+fp/hard\libc_nano.a(libc_a-reent.o)
                              C:/ST/STM32CubeIDE_1.16.0/STM32CubeIDE/plugins/com.st.stm32cube.ide.mcu.externaltools.gnu-tools-for-stm32.12.3.rel1.win32_1.0.200.202406191623/tools/bin/../lib/gcc/arm-none-eabi/12.3.1/../../../../arm-none-eabi/lib/thumb/v7e-m+fp/hard\libc_nano.a(libc_a-closer.o) (errno)
C:/ST/STM32CubeIDE_1.16.0/STM32CubeIDE/plugins/com.st.stm32cube.ide.mcu.externaltools.gnu-tools-for-stm32.12.3.rel1.win32_1.0.200.202406191623/tools/bin/../lib/gcc/arm-none-eabi/12.3.1/../../../../arm-none-eabi/lib/thumb/v7e-m+fp/hard\libc_nano.a(libc_a-impure.o)
                              C:/ST/STM32CubeIDE_1.16.0/STM32CubeIDE/plugins/com.st.stm32cube.ide.mcu.externaltools.gnu-tools-for-stm32.12.3.rel1.win32_1.0.200.202406191623/tools/bin/../lib/gcc/arm-none-eabi/12.3.1/../../../../arm-none-eabi/lib/thumb/v7e-m+fp/hard\libc_nano.a(libc_a-reent.o) (_impure_ptr)
C:/ST/STM32CubeIDE_1.16.0/STM32CubeIDE/plugins/com.st.stm32cube.ide.mcu.externaltools.gnu-tools-for-stm32.12.3.rel1.win32_1.0.200.202406191623/tools/bin/../lib/gcc/arm-none-eabi/12.3.1/../../../../arm-none-eabi/lib/thumb/v7e-m+fp/hard\libc_nano.a(libc_a-lseekr.o)
[...]
Memory Configuration

Name             Origin             Length             Attributes
RAM              0x20000000         0x00004000         xrw
FLASH            0x08000000         0x00010000         xr
*default*        0x00000000         0xffffffff

Linker script and memory map

LOAD C:/ST/STM32CubeIDE_1.16.0/STM32CubeIDE/plugins/com.st.stm32cube.ide.mcu.externaltools.gnu-tools-for-stm32.12.3.rel1.win32_1.0.200.202406191623/tools/bin/../lib/gcc/arm-none-eabi/12.3.1/thumb/v7e-m+fp/hard/crti.o
LOAD C:/ST/STM32CubeIDE_1.16.0/STM32CubeIDE/plugins/com.st.stm32cube.ide.mcu.externaltools.gnu-tools-for-stm32.12.3.rel1.win32_1.0.200.202406191623/tools/bin/../lib/gcc/arm-none-eabi/12.3.1/thumb/v7e-m+fp/hard/crtbegin.o
LOAD C:/ST/STM32CubeIDE_1.16.0/STM32CubeIDE/plugins/com.st.stm32cube.ide.mcu.externaltools.gnu-tools-for-stm32.12.3.rel1.win32_1.0.200.202406191623/tools/bin/../lib/gcc/arm-none-eabi/12.3.1/../../../../arm-none-eabi/lib/thumb/v7e-m+fp/hard/crt0.o
LOAD ./Core/Src/main.o
LOAD ./Core/Src/stm32f3xx_hal_msp.o
LOAD ./Core/Src/stm32f3xx_it.o
LOAD ./Core/Src/syscalls.o
LOAD ./Core/Src/sysmem.o
LOAD ./Core/Src/system_stm32f3xx.o
LOAD ./Core/Startup/startup_stm32f302r8tx.o
LOAD ./Drivers/STM32F3xx_HAL_Driver/Src/stm32f3xx_hal.o
LOAD ./Drivers/STM32F3xx_HAL_Driver/Src/stm32f3xx_hal_adc.o
LOAD ./Drivers/STM32F3xx_HAL_Driver/Src/stm32f3xx_hal_adc_ex.o
LOAD ./Drivers/STM32F3xx_HAL_Driver/Src/stm32f3xx_hal_cortex.o
LOAD ./Drivers/STM32F3xx_HAL_Driver/Src/stm32f3xx_hal_dma.o
LOAD ./Drivers/STM32F3xx_HAL_Driver/Src/stm32f3xx_hal_exti.o
LOAD ./Drivers/STM32F3xx_HAL_Driver/Src/stm32f3xx_hal_flash.o
LOAD ./Drivers/STM32F3xx_HAL_Driver/Src/stm32f3xx_hal_flash_ex.o
LOAD ./Drivers/STM32F3xx_HAL_Driver/Src/stm32f3xx_hal_gpio.o
LOAD ./Drivers/STM32F3xx_HAL_Driver/Src/stm32f3xx_hal_i2c.o
LOAD ./Drivers/STM32F3xx_HAL_Driver/Src/stm32f3xx_hal_i2c_ex.o
LOAD ./Drivers/STM32F3xx_HAL_Driver/Src/stm32f3xx_hal_pwr.o
LOAD ./Drivers/STM32F3xx_HAL_Driver/Src/stm32f3xx_hal_pwr_ex.o
LOAD ./Drivers/STM32F3xx_HAL_Driver/Src/stm32f3xx_hal_rcc.o
LOAD ./Drivers/STM32F3xx_HAL_Driver/Src/stm32f3xx_hal_rcc_ex.o
LOAD ./Drivers/STM32F3xx_HAL_Driver/Src/stm32f3xx_hal_tim.o
LOAD ./Drivers/STM32F3xx_HAL_Driver/Src/stm32f3xx_hal_tim_ex.o
LOAD ./Drivers/STM32F3xx_HAL_Driver/Src/stm32f3xx_hal_uart.o
LOAD ./Drivers/STM32F3xx_HAL_Driver/Src/stm32f3xx_hal_uart_ex.o
START GROUP
LOAD C:/ST/STM32CubeIDE_1.16.0/STM32CubeIDE/plugins/com.st.stm32cube.ide.mcu.externaltools.gnu-tools-for-stm32.12.3.rel1.win32_1.0.200.202406191623/tools/bin/../lib/gcc/arm-none-eabi/12.3.1/../../../../arm-none-eabi/lib/thumb/v7e-m+fp/hard\libc_nano.a
LOAD C:/ST/STM32CubeIDE_1.16.0/STM32CubeIDE/plugins/com.st.stm32cube.ide.mcu.externaltools.gnu-tools-for-stm32.12.3.rel1.win32_1.0.200.202406191623/tools/bin/../lib/gcc/arm-none-eabi/12.3.1/../../../../arm-none-eabi/lib/thumb/v7e-m+fp/hard\libm.a
END GROUP
START GROUP
LOAD C:/ST/STM32CubeIDE_1.16.0/STM32CubeIDE/plugins/com.st.stm32cube.ide.mcu.externaltools.gnu-tools-for-stm32.12.3.rel1.win32_1.0.200.202406191623/tools/bin/../lib/gcc/arm-none-eabi/12.3.1/thumb/v7e-m+fp/hard\libgcc.a
LOAD C:/ST/STM32CubeIDE_1.16.0/STM32CubeIDE/plugins/com.st.stm32cube.ide.mcu.externaltools.gnu-tools-for-stm32.12.3.rel1.win32_1.0.200.202406191623/tools/bin/../lib/gcc/arm-none-eabi/12.3.1/../../../../arm-none-eabi/lib/thumb/v7e-m+fp/hard\libc_nano.a
END GROUP
START GROUP
LOAD C:/ST/STM32CubeIDE_1.16.0/STM32CubeIDE/plugins/com.st.stm32cube.ide.mcu.externaltools.gnu-tools-for-stm32.12.3.rel1.win32_1.0.200.202406191623/tools/bin/../lib/gcc/arm-none-eabi/12.3.1/thumb/v7e-m+fp/hard\libgcc.a
LOAD C:/ST/STM32CubeIDE_1.16.0/STM32CubeIDE/plugins/com.st.stm32cube.ide.mcu.externaltools.gnu-tools-for-stm32.12.3.rel1.win32_1.0.200.202406191623/tools/bin/../lib/gcc/arm-none-eabi/12.3.1/../../../../arm-none-eabi/lib/thumb/v7e-m+fp/hard\libc_nano.a
LOAD C:/ST/STM32CubeIDE_1.16.0/STM32CubeIDE/plugins/com.st.stm32cube.ide.mcu.externaltools.gnu-tools-for-stm32.12.3.rel1.win32_1.0.200.202406191623/tools/bin/../lib/gcc/arm-none-eabi/12.3.1/../../../../arm-none-eabi/lib/thumb/v7e-m+fp/hard\libnosys.a
END GROUP
START GROUP
LOAD C:/ST/STM32CubeIDE_1.16.0/STM32CubeIDE/plugins/com.st.stm32cube.ide.mcu.externaltools.gnu-tools-for-stm32.12.3.rel1.win32_1.0.200.202406191623/tools/bin/../lib/gcc/arm-none-eabi/12.3.1/thumb/v7e-m+fp/hard\libgcc.a
LOAD C:/ST/STM32CubeIDE_1.16.0/STM32CubeIDE/plugins/com.st.stm32cube.ide.mcu.externaltools.gnu-tools-for-stm32.12.3.rel1.win32_1.0.200.202406191623/tools/bin/../lib/gcc/arm-none-eabi/12.3.1/../../../../arm-none-eabi/lib/thumb/v7e-m+fp/hard\libc_nano.a
LOAD C:/ST/STM32CubeIDE_1.16.0/STM32CubeIDE/plugins/com.st.stm32cube.ide.mcu.externaltools.gnu-tools-for-stm32.12.3.rel1.win32_1.0.200.202406191623/tools/bin/../lib/gcc/arm-none-eabi/12.3.1/../../../../arm-none-eabi/lib/thumb/v7e-m+fp/hard\libnosys.a
END GROUP
LOAD C:/ST/STM32CubeIDE_1.16.0/STM32CubeIDE/plugins/com.st.stm32cube.ide.mcu.externaltools.gnu-tools-for-stm32.12.3.rel1.win32_1.0.200.202406191623/tools/bin/../lib/gcc/arm-none-eabi/12.3.1/thumb/v7e-m+fp/hard/crtend.o
LOAD C:/ST/STM32CubeIDE_1.16.0/STM32CubeIDE/plugins/com.st.stm32cube.ide.mcu.externaltools.gnu-tools-for-stm32.12.3.rel1.win32_1.0.200.202406191623/tools/bin/../lib/gcc/arm-none-eabi/12.3.1/thumb/v7e-m+fp/hard/crtn.o
                0x20004000                        _estack = (ORIGIN (RAM) + LENGTH (RAM))
                0x00000200                        _Min_Heap_Size = 0x200
                0x00000400                        _Min_Stack_Size = 0x400

.isr_vector     0x08000000      0x188
                0x08000000                        . = ALIGN (0x4)
 *(.isr_vector)
 .isr_vector    0x08000000      0x188 ./Core/Startup/startup_stm32f302r8tx.o
                0x08000000                g_pfnVectors
                0x08000188                        . = ALIGN (0x4)

.text           0x08000188     0x3770
                0x08000188                        . = ALIGN (0x4)
 *(.text)
 .text          0x08000188       0x40 C:/ST/STM32CubeIDE_1.16.0/STM32CubeIDE/plugins/com.st.stm32cube.ide.mcu.externaltools.gnu-tools-for-stm32.12.3.rel1.win32_1.0.200.202406191623/tools/bin/../lib/gcc/arm-none-eabi/12.3.1/thumb/v7e-m+fp/hard/crtbegin.o
 *(.text*)
 .text.main     0x080001c8       0x20 ./Core/Src/main.o
                0x080001c8                main
 .text.SystemClock_Config
                0x080001e8       0x82 ./Core/Src/main.o
                0x080001e8                SystemClock_Config
 *fill*         0x0800026a        0x2 
 .text.MX_ADC1_Init
                0x0800026c       0xd8 ./Core/Src/main.o
 .text.MX_USART2_UART_Init
                0x08000344       0x60 ./Core/Src/main.o
 .text.MX_DMA_Init
                0x080003a4       0x3c ./Core/Src/main.o
 .text.MX_GPIO_Init
                0x080003e0       0xd0 ./Core/Src/main.o
 .text.Error_Handler
                0x080004b0        0xc ./Core/Src/main.o
                0x080004b0                Error_Handler
 .text.HAL_MspInit
                0x080004bc       0x48 ./Core/Src/stm32f3xx_hal_msp.o
                0x080004bc                HAL_MspInit
 .text.HAL_ADC_MspInit
                0x08000504       0xe0 ./Core/Src/stm32f3xx_hal_msp.o
                0x08000504                HAL_ADC_MspInit
 .text.HAL_UART_MspInit
                0x080005e4       0x84 ./Core/Src/stm32f3xx_hal_msp.o
                0x080005e4                HAL_UART_MspInit
 .text.NMI_Handler
                0x08000668        0x8 ./Core/Src/stm32f3xx_it.o
                0x08000668                NMI_Handler
 .text.HardFault_Handler
                0x08000670        0x8 ./Core/Src/stm32f3xx_it.o
                0x08000670                HardFault_Handler
 .text.MemManage_Handler
                0x08000678        0x8 ./Core/Src/stm32f3xx_it.o
                0x08000678                MemManage_Handler
 .text.BusFault_Handler
                0x08000680        0x8 ./Core/Src/stm32f3xx_it.o
                0x08000680                BusFault_Handler
 .text.UsageFault_Handler
                0x08000688        0x8 ./Core/Src/stm32f3xx_it.o
                0x08000688                UsageFault_Handler
 .text.SVC_Handler
                0x08000690        0xe ./Core/Src/stm32f3xx_it.o
                0x08000690                SVC_Handler
 .text.DebugMon_Handler
                0x0800069e        0xe ./Core/Src/stm32f3xx_it.o
                0x0800069e                DebugMon_Handler
 .text.PendSV_Handler
                0x080006ac        0xe ./Core/Src/stm32f3xx_it.o
                0x080006ac                PendSV_Handler
 .text.SysTick_Handler
                0x080006ba        0xc ./Core/Src/stm32f3xx_it.o
                0x080006ba                SysTick_Handler
 *fill*         0x080006c6        0x2 
 .text.DMA1_Channel1_IRQHandler
                0x080006c8       0x14 ./Core/Src/stm32f3xx_it.o
                0x080006c8                DMA1_Channel1_IRQHandler
 .text.ADC1_IRQHandler
                0x080006dc       0x14 ./Core/Src/stm32f3xx_it.o
                0x080006dc                ADC1_IRQHandler
 .text.SystemInit
                0x080006f0       0x24 ./Core/Src/system_stm32f3xx.o
                0x080006f0                SystemInit
 .text.Reset_Handler
                0x08000714       0x50 ./Core/Startup/startup_stm32f302r8tx.o
                0x08000714                Reset_Handler
 .text.Default_Handler
                0x08000764        0x2 ./Core/Startup/startup_stm32f302r8tx.o
                0x08000764                RTC_Alarm_IRQHandler
                0x08000764                TIM1_CC_IRQHandler
                0x08000764                USB_HP_IRQHandler
                0x08000764                PVD_IRQHandler
                0x08000764                TAMP_STAMP_IRQHandler
                0x08000764                EXTI3_IRQHandler
                0x08000764                I2C3_ER_IRQHandler
                0x08000764                USB_HP_CAN_TX_IRQHandler
                0x08000764                EXTI0_IRQHandler
                0x08000764                I2C2_EV_IRQHandler
                0x08000764                FPU_IRQHandler
                0x08000764                TIM1_UP_TIM16_IRQHandler
                0x08000764                CAN_SCE_IRQHandler
                0x08000764                TIM6_DAC_IRQHandler
                0x08000764                DMA1_Channel4_IRQHandler
                0x08000764                USART3_IRQHandler
                0x08000764                DMA1_Channel7_IRQHandler
                0x08000764                CAN_RX1_IRQHandler
                0x08000764                I2C1_EV_IRQHandler
                0x08000764                DMA1_Channel6_IRQHandler
                0x08000764                RCC_IRQHandler
                0x08000764                Default_Handler
                0x08000764                USBWakeUp_RMP_IRQHandler
                0x08000764                EXTI15_10_IRQHandler
                0x08000764                COMP2_IRQHandler
                0x08000764                I2C3_EV_IRQHandler
                0x08000764                EXTI9_5_IRQHandler
                0x08000764                RTC_WKUP_IRQHandler
                0x08000764                SPI2_IRQHandler
                0x08000764                USB_LP_CAN_RX0_IRQHandler
                0x08000764                DMA1_Channel5_IRQHandler
                0x08000764                USB_LP_IRQHandler
                0x08000764                EXTI4_IRQHandler
                0x08000764                TIM1_TRG_COM_TIM17_IRQHandler
                0x08000764                DMA1_Channel3_IRQHandler
                0x08000764                WWDG_IRQHandler
                0x08000764                TIM2_IRQHandler
                0x08000764                EXTI1_IRQHandler
                0x08000764                COMP4_6_IRQHandler
                0x08000764                USART2_IRQHandler
                0x08000764                I2C2_ER_IRQHandler
                0x08000764                DMA1_Channel2_IRQHandler
                0x08000764                FLASH_IRQHandler
                0x08000764                USART1_IRQHandler
                0x08000764                SPI3_IRQHandler
                0x08000764                I2C1_ER_IRQHandler
                0x08000764                USBWakeUp_IRQHandler
                0x08000764                EXTI2_TSC_IRQHandler
                0x08000764                TIM1_BRK_TIM15_IRQHandler
 *fill*         0x08000766        0x2 
 .text.HAL_Init
                0x08000768       0x2c ./Drivers/STM32F3xx_HAL_Driver/Src/stm32f3xx_hal.o
                0x08000768                HAL_Init
 .text.HAL_InitTick
                0x08000794       0x60 ./Drivers/STM32F3xx_HAL_Driver/Src/stm32f3xx_hal.o
                0x08000794                HAL_InitTick
 .text.HAL_IncTick
                0x080007f4       0x28 ./Drivers/STM32F3xx_HAL_Driver/Src/stm32f3xx_hal.o
                0x080007f4                HAL_IncTick
 .text.HAL_GetTick
                0x0800081c       0x18 ./Drivers/STM32F3xx_HAL_Driver/Src/stm32f3xx_hal.o
                0x0800081c                HAL_GetTick
 .text.HAL_ADC_ConvCpltCallback
                0x08000834       0x14 ./Drivers/STM32F3xx_HAL_Driver/Src/stm32f3xx_hal_adc.o
                0x08000834                HAL_ADC_ConvCpltCallback
 .text.HAL_ADC_LevelOutOfWindowCallback
                0x08000848       0x14 ./Drivers/STM32F3xx_HAL_Driver/Src/stm32f3xx_hal_adc.o
                0x08000848                HAL_ADC_LevelOutOfWindowCallback
 .text.HAL_ADC_ErrorCallback
                0x0800085c       0x14 ./Drivers/STM32F3xx_HAL_Driver/Src/stm32f3xx_hal_adc.o
                0x0800085c                HAL_ADC_ErrorCallback
 .text.HAL_ADC_Init
                0x08000870      0x30c ./Drivers/STM32F3xx_HAL_Driver/Src/stm32f3xx_hal_adc_ex.o
                0x08000870                HAL_ADC_Init
 .text.HAL_ADC_IRQHandler
                0x08000b7c      0x344 ./Drivers/STM32F3xx_HAL_Driver/Src/stm32f3xx_hal_adc_ex.o
                0x08000b7c                HAL_ADC_IRQHandler
 .text.HAL_ADCEx_InjectedConvCpltCallback
                0x08000ec0       0x14 ./Drivers/STM32F3xx_HAL_Driver/Src/stm32f3xx_hal_adc_ex.o
                0x08000ec0                HAL_ADCEx_InjectedConvCpltCallback
 .text.HAL_ADCEx_InjectedQueueOverflowCallback
                0x08000ed4       0x14 ./Drivers/STM32F3xx_HAL_Driver/Src/stm32f3xx_hal_adc_ex.o
                0x08000ed4                HAL_ADCEx_InjectedQueueOverflowCallback
 .text.HAL_ADCEx_LevelOutOfWindow2Callback
                0x08000ee8       0x14 ./Drivers/STM32F3xx_HAL_Driver/Src/stm32f3xx_hal_adc_ex.o
                0x08000ee8                HAL_ADCEx_LevelOutOfWindow2Callback
 .text.HAL_ADCEx_LevelOutOfWindow3Callback
                0x08000efc       0x14 ./Drivers/STM32F3xx_HAL_Driver/Src/stm32f3xx_hal_adc_ex.o
                0x08000efc                HAL_ADCEx_LevelOutOfWindow3Callback
 .text.HAL_ADC_ConfigChannel
                0x08000f10      0x564 ./Drivers/STM32F3xx_HAL_Driver/Src/stm32f3xx_hal_adc_ex.o
                0x08000f10                HAL_ADC_ConfigChannel
 .text.ADC_Disable
                0x08001474       0xcc ./Drivers/STM32F3xx_HAL_Driver/Src/stm32f3xx_hal_adc_ex.o
 .text.__NVIC_SetPriorityGrouping
                0x08001540       0x48 ./Drivers/STM32F3xx_HAL_Driver/Src/stm32f3xx_hal_cortex.o
 .text.__NVIC_GetPriorityGrouping
                0x08001588       0x1c ./Drivers/STM32F3xx_HAL_Driver/Src/stm32f3xx_hal_cortex.o
 .text.__NVIC_EnableIRQ
                0x080015a4       0x3c ./Drivers/STM32F3xx_HAL_Driver/Src/stm32f3xx_hal_cortex.o
 .text.__NVIC_SetPriority
                0x080015e0       0x54 ./Drivers/STM32F3xx_HAL_Driver/Src/stm32f3xx_hal_cortex.o
 .text.NVIC_EncodePriority
                0x08001634       0x66 ./Drivers/STM32F3xx_HAL_Driver/Src/stm32f3xx_hal_cortex.o
 *fill*         0x0800169a        0x2 
 .text.SysTick_Config
                0x0800169c       0x44 ./Drivers/STM32F3xx_HAL_Driver/Src/stm32f3xx_hal_cortex.o
 .text.HAL_NVIC_SetPriorityGrouping
                0x080016e0       0x16 ./Drivers/STM32F3xx_HAL_Driver/Src/stm32f3xx_hal_cortex.o
                0x080016e0                HAL_NVIC_SetPriorityGrouping
 .text.HAL_NVIC_SetPriority
                0x080016f6       0x38 ./Drivers/STM32F3xx_HAL_Driver/Src/stm32f3xx_hal_cortex.o
                0x080016f6                HAL_NVIC_SetPriority
 .text.HAL_NVIC_EnableIRQ
                0x0800172e       0x1c ./Drivers/STM32F3xx_HAL_Driver/Src/stm32f3xx_hal_cortex.o
                0x0800172e                HAL_NVIC_EnableIRQ
 .text.HAL_SYSTICK_Config
                0x0800174a       0x18 ./Drivers/STM32F3xx_HAL_Driver/Src/stm32f3xx_hal_cortex.o
                0x0800174a                HAL_SYSTICK_Config
 .text.HAL_DMA_Init
                0x08001762       0x8e ./Drivers/STM32F3xx_HAL_Driver/Src/stm32f3xx_hal_dma.o
                0x08001762                HAL_DMA_Init
 .text.HAL_DMA_IRQHandler
                0x080017f0      0x146 ./Drivers/STM32F3xx_HAL_Driver/Src/stm32f3xx_hal_dma.o
                0x080017f0                HAL_DMA_IRQHandler
 *fill*         0x08001936        0x2 
 .text.DMA_CalcBaseAndBitshift
                0x08001938       0x40 ./Drivers/STM32F3xx_HAL_Driver/Src/stm32f3xx_hal_dma.o
 .text.HAL_GPIO_Init
                0x08001978      0x2e4 ./Drivers/STM32F3xx_HAL_Driver/Src/stm32f3xx_hal_gpio.o
                0x08001978                HAL_GPIO_Init
 .text.HAL_GPIO_WritePin
                0x08001c5c       0x30 ./Drivers/STM32F3xx_HAL_Driver/Src/stm32f3xx_hal_gpio.o
                0x08001c5c                HAL_GPIO_WritePin
 .text.HAL_RCC_OscConfig
                0x08001c8c     0x107c ./Drivers/STM32F3xx_HAL_Driver/Src/stm32f3xx_hal_rcc.o
                0x08001c8c                HAL_RCC_OscConfig
 .text.HAL_RCC_ClockConfig
                0x08002d08      0x2f8 ./Drivers/STM32F3xx_HAL_Driver/Src/stm32f3xx_hal_rcc.o
                0x08002d08                HAL_RCC_ClockConfig
 .text.HAL_RCC_GetSysClockFreq
                0x08003000       0xa8 ./Drivers/STM32F3xx_HAL_Driver/Src/stm32f3xx_hal_rcc.o
                0x08003000                HAL_RCC_GetSysClockFreq
 .text.HAL_RCC_GetHCLKFreq
                0x080030a8       0x18 ./Drivers/STM32F3xx_HAL_Driver/Src/stm32f3xx_hal_rcc.o
                0x080030a8                HAL_RCC_GetHCLKFreq
 .text.HAL_RCC_GetPCLK1Freq
                0x080030c0       0x44 ./Drivers/STM32F3xx_HAL_Driver/Src/stm32f3xx_hal_rcc.o
                0x080030c0                HAL_RCC_GetPCLK1Freq
 .text.HAL_RCC_GetPCLK2Freq
                0x08003104       0x44 ./Drivers/STM32F3xx_HAL_Driver/Src/stm32f3xx_hal_rcc.o
                0x08003104                HAL_RCC_GetPCLK2Freq
 .text.HAL_UART_Init
                0x08003148       0x9c ./Drivers/STM32F3xx_HAL_Driver/Src/stm32f3xx_hal_uart.o
                0x08003148                HAL_UART_Init
 .text.UART_SetConfig
                0x080031e4      0x26c ./Drivers/STM32F3xx_HAL_Driver/Src/stm32f3xx_hal_uart.o
                0x080031e4                UART_SetConfig
 .text.UART_AdvFeatureConfig
                0x08003450      0x144 ./Drivers/STM32F3xx_HAL_Driver/Src/stm32f3xx_hal_uart.o
                0x08003450                UART_AdvFeatureConfig
 .text.UART_CheckIdleState
                0x08003594      0x150 ./Drivers/STM32F3xx_HAL_Driver/Src/stm32f3xx_hal_uart.o
                0x08003594                UART_CheckIdleState
 .text.UART_WaitOnFlagUntilTimeout
                0x080036e4       0xda ./Drivers/STM32F3xx_HAL_Driver/Src/stm32f3xx_hal_uart.o
                0x080036e4                UART_WaitOnFlagUntilTimeout
 .text.UART_EndRxTransfer
                0x080037be       0xc8 ./Drivers/STM32F3xx_HAL_Driver/Src/stm32f3xx_hal_uart.o
 .text.memset   0x08003886       0x10 C:/ST/STM32CubeIDE_1.16.0/STM32CubeIDE/plugins/com.st.stm32cube.ide.mcu.externaltools.gnu-tools-for-stm32.12.3.rel1.win32_1.0.200.202406191623/tools/bin/../lib/gcc/arm-none-eabi/12.3.1/../../../../arm-none-eabi/lib/thumb/v7e-m+fp/hard\libc_nano.a(libc_a-memset.o)
                0x08003886                memset
 *fill*         0x08003896        0x2 
 .text.__libc_init_array
                0x08003898       0x48 C:/ST/STM32CubeIDE_1.16.0/STM32CubeIDE/plugins/com.st.stm32cube.ide.mcu.externaltools.gnu-tools-for-stm32.12.3.rel1.win32_1.0.200.202406191623/tools/bin/../lib/gcc/arm-none-eabi/12.3.1/../../../../arm-none-eabi/lib/thumb/v7e-m+fp/hard\libc_nano.a(libc_a-init.o)
                0x08003898                __libc_init_array
 *(.glue_7)
 .glue_7        0x080038e0        0x0 linker stubs
 *(.glue_7t)
 .glue_7t       0x080038e0        0x0 linker stubs
 *(.eh_frame)
 .eh_frame      0x080038e0        0x0 C:/ST/STM32CubeIDE_1.16.0/STM32CubeIDE/plugins/com.st.stm32cube.ide.mcu.externaltools.gnu-tools-for-stm32.12.3.rel1.win32_1.0.200.202406191623/tools/bin/../lib/gcc/arm-none-eabi/12.3.1/thumb/v7e-m+fp/hard/crtbegin.o
 *(.init)
 .init          0x080038e0        0x4 C:/ST/STM32CubeIDE_1.16.0/STM32CubeIDE/plugins/com.st.stm32cube.ide.mcu.externaltools.gnu-tools-for-stm32.12.3.rel1.win32_1.0.200.202406191623/tools/bin/../lib/gcc/arm-none-eabi/12.3.1/thumb/v7e-m+fp/hard/crti.o
                0x080038e0                _init
 .init          0x080038e4        0x8 C:/ST/STM32CubeIDE_1.16.0/STM32CubeIDE/plugins/com.st.stm32cube.ide.mcu.externaltools.gnu-tools-for-stm32.12.3.rel1.win32_1.0.200.202406191623/tools/bin/../lib/gcc/arm-none-eabi/12.3.1/thumb/v7e-m+fp/hard/crtn.o
 *(.fini)
 .fini          0x080038ec        0x4 C:/ST/STM32CubeIDE_1.16.0/STM32CubeIDE/plugins/com.st.stm32cube.ide.mcu.externaltools.gnu-tools-for-stm32.12.3.rel1.win32_1.0.200.202406191623/tools/bin/../lib/gcc/arm-none-eabi/12.3.1/thumb/v7e-m+fp/hard/crti.o
                0x080038ec                _fini
 .fini          0x080038f0        0x8 C:/ST/STM32CubeIDE_1.16.0/STM32CubeIDE/plugins/com.st.stm32cube.ide.mcu.externaltools.gnu-tools-for-stm32.12.3.rel1.win32_1.0.200.202406191623/tools/bin/../lib/gcc/arm-none-eabi/12.3.1/thumb/v7e-m+fp/hard/crtn.o
                0x080038f8                        . = ALIGN (0x4)
                0x080038f8                        _etext = .

.vfp11_veneer   0x080038f8        0x0
 .vfp11_veneer  0x080038f8        0x0 linker stubs

.v4_bx          0x080038f8        0x0
 .v4_bx         0x080038f8        0x0 linker stubs

.iplt           0x080038f8        0x0
 .iplt          0x080038f8        0x0 C:/ST/STM32CubeIDE_1.16.0/STM32CubeIDE/plugins/com.st.stm32cube.ide.mcu.externaltools.gnu-tools-for-stm32.12.3.rel1.win32_1.0.200.202406191623/tools/bin/../lib/gcc/arm-none-eabi/12.3.1/thumb/v7e-m+fp/hard/crtbegin.o

.rodata         0x080038f8       0x38
                0x080038f8                        . = ALIGN (0x4)
 *(.rodata)
 *(.rodata*)
 .rodata.AHBPrescTable
                0x080038f8       0x10 ./Core/Src/system_stm32f3xx.o
                0x080038f8                AHBPrescTable
 .rodata.APBPrescTable
                0x08003908        0x8 ./Core/Src/system_stm32f3xx.o
                0x08003908                APBPrescTable
 .rodata.aPLLMULFactorTable
                0x08003910       0x10 ./Drivers/STM32F3xx_HAL_Driver/Src/stm32f3xx_hal_rcc.o
 .rodata.aPredivFactorTable
                0x08003920       0x10 ./Drivers/STM32F3xx_HAL_Driver/Src/stm32f3xx_hal_rcc.o
                0x08003930                        . = ALIGN (0x4)

.ARM.extab      0x08003930        0x0
                0x08003930                        . = ALIGN (0x4)
 *(.ARM.extab* .gnu.linkonce.armextab.*)
                0x08003930                        . = ALIGN (0x4)

.ARM            0x08003930        0x0
                0x08003930                        . = ALIGN (0x4)
                0x08003930                        __exidx_start = .
 *(.ARM.exidx*)
                0x08003930                        __exidx_end = .
                0x08003930                        . = ALIGN (0x4)

.preinit_array  0x08003930        0x0
                0x08003930                        . = ALIGN (0x4)
                0x08003930                        PROVIDE (__preinit_array_start = .)
 *(.preinit_array*)
                0x08003930                        PROVIDE (__preinit_array_end = .)
                0x08003930                        . = ALIGN (0x4)

.init_array     0x08003930        0x4
                0x08003930                        . = ALIGN (0x4)
                0x08003930                        PROVIDE (__init_array_start = .)
 *(SORT_BY_NAME(.init_array.*))
 *(.init_array*)
 .init_array    0x08003930        0x4 C:/ST/STM32CubeIDE_1.16.0/STM32CubeIDE/plugins/com.st.stm32cube.ide.mcu.externaltools.gnu-tools-for-stm32.12.3.rel1.win32_1.0.200.202406191623/tools/bin/../lib/gcc/arm-none-eabi/12.3.1/thumb/v7e-m+fp/hard/crtbegin.o
                0x08003934                        PROVIDE (__init_array_end = .)
                0x08003934                        . = ALIGN (0x4)

.fini_array     0x08003934        0x4
                0x08003934                        . = ALIGN (0x4)
                [!provide]                        PROVIDE (__fini_array_start = .)
 *(SORT_BY_NAME(.fini_array.*))
 *(.fini_array*)
 .fini_array    0x08003934        0x4 C:/ST/STM32CubeIDE_1.16.0/STM32CubeIDE/plugins/com.st.stm32cube.ide.mcu.externaltools.gnu-tools-for-stm32.12.3.rel1.win32_1.0.200.202406191623/tools/bin/../lib/gcc/arm-none-eabi/12.3.1/thumb/v7e-m+fp/hard/crtbegin.o
                [!provide]                        PROVIDE (__fini_array_end = .)
                0x08003938                        . = ALIGN (0x4)
                0x08003938                        _sidata = LOADADDR (.data)

.rel.dyn        0x08003938        0x0
 .rel.iplt      0x08003938        0x0 C:/ST/STM32CubeIDE_1.16.0/STM32CubeIDE/plugins/com.st.stm32cube.ide.mcu.externaltools.gnu-tools-for-stm32.12.3.rel1.win32_1.0.200.202406191623/tools/bin/../lib/gcc/arm-none-eabi/12.3.1/thumb/v7e-m+fp/hard/crtbegin.o

.data           0x20000000        0xc load address 0x08003938
                0x20000000                        . = ALIGN (0x4)
                0x20000000                        _sdata = .
 *(.data)
 *(.data*)
 .data.SystemCoreClock
                0x20000000        0x4 ./Core/Src/system_stm32f3xx.o
                0x20000000                SystemCoreClock
 .data.uwTickPrio
                0x20000004        0x4 ./Drivers/STM32F3xx_HAL_Driver/Src/stm32f3xx_hal.o
                0x20000004                uwTickPrio
 .data.uwTickFreq
                0x20000008        0x1 ./Drivers/STM32F3xx_HAL_Driver/Src/stm32f3xx_hal.o
                0x20000008                uwTickFreq
 *(.RamFunc)
 *(.RamFunc*)
                0x2000000c                        . = ALIGN (0x4)
 *fill*         0x20000009        0x3 
                0x2000000c                        _edata = .

.igot.plt       0x2000000c        0x0 load address 0x08003944
 .igot.plt      0x2000000c        0x0 C:/ST/STM32CubeIDE_1.16.0/STM32CubeIDE/plugins/com.st.stm32cube.ide.mcu.externaltools.gnu-tools-for-stm32.12.3.rel1.win32_1.0.200.202406191623/tools/bin/../lib/gcc/arm-none-eabi/12.3.1/thumb/v7e-m+fp/hard/crtbegin.o
                0x2000000c                        . = ALIGN (0x4)

.bss            0x2000000c      0x13c load address 0x08003944
                0x2000000c                        _sbss = .
                0x2000000c                        __bss_start__ = _sbss
 *(.bss)
 .bss           0x2000000c       0x1c C:/ST/STM32CubeIDE_1.16.0/STM32CubeIDE/plugins/com.st.stm32cube.ide.mcu.externaltools.gnu-tools-for-stm32.12.3.rel1.win32_1.0.200.202406191623/tools/bin/../lib/gcc/arm-none-eabi/12.3.1/thumb/v7e-m+fp/hard/crtbegin.o
 *(.bss*)
 .bss.hadc1     0x20000028       0x50 ./Core/Src/main.o
                0x20000028                hadc1
 .bss.hdma_adc1
                0x20000078       0x44 ./Core/Src/main.o
                0x20000078                hdma_adc1
 .bss.huart2    0x200000bc       0x88 ./Core/Src/main.o
                0x200000bc                huart2
 .bss.uwTick    0x20000144        0x4 ./Drivers/STM32F3xx_HAL_Driver/Src/stm32f3xx_hal.o
                0x20000144                uwTick
 *(COMMON)
                0x20000148                        . = ALIGN (0x4)
                0x20000148                        _ebss = .
                0x20000148                        __bss_end__ = _ebss

._user_heap_stack
                0x20000148      0x600 load address 0x08003944
                0x20000148                        . = ALIGN (0x8)
                [!provide]                        PROVIDE (end = .)
                0x20000148                        PROVIDE (_end = .)
                0x20000348                        . = (. + _Min_Heap_Size)
 *fill*         0x20000148      0x200 
                0x20000748                        . = (. + _Min_Stack_Size)
 *fill*         0x20000348      0x400 
                0x20000748                        . = ALIGN (0x8)

/DISCARD/
 libc.a(*)
 libm.a(*)
 libgcc.a(*)

.ARM.attributes
                0x00000000       0x30
 *(.ARM.attributes)
 .ARM.attributes
                0x00000000       0x22 C:/ST/STM32CubeIDE_1.16.0/STM32CubeIDE/plugins/com.st.stm32cube.ide.mcu.externaltools.gnu-tools-for-stm32.12.3.rel1.win32_1.0.200.202406191623/tools/bin/../lib/gcc/arm-none-eabi/12.3.1/thumb/v7e-m+fp/hard/crti.o
 .ARM.attributes
                0x00000022       0x34 C:/ST/STM32CubeIDE_1.16.0/STM32CubeIDE/plugins/com.st.stm32cube.ide.mcu.externaltools.gnu-tools-for-stm32.12.3.rel1.win32_1.0.200.202406191623/tools/bin/../lib/gcc/arm-none-eabi/12.3.1/thumb/v7e-m+fp/hard/crtbegin.o
 .ARM.attributes
                0x00000056       0x34 ./Core/Src/main.o
 .ARM.attributes
                0x0000008a       0x34 ./Core/Src/stm32f3xx_hal_msp.o
 .ARM.attributes
                0x000000be       0x34 ./Core/Src/stm32f3xx_it.o
 .ARM.attributes
                0x000000f2       0x34 ./Core/Src/system_stm32f3xx.o
 .ARM.attributes
                0x00000126       0x21 ./Core/Startup/startup_stm32f302r8tx.o
 .ARM.attributes
                0x00000147       0x34 ./Drivers/STM32F3xx_HAL_Driver/Src/stm32f3xx_hal.o
 .ARM.attributes
                0x0000017b       0x34 ./Drivers/STM32F3xx_HAL_Driver/Src/stm32f3xx_hal_adc.o
 .ARM.attributes
                0x000001af       0x34 ./Drivers/STM32F3xx_HAL_Driver/Src/stm32f3xx_hal_adc_ex.o
 .ARM.attributes
                0x000001e3       0x34 ./Drivers/STM32F3xx_HAL_Driver/Src/stm32f3xx_hal_cortex.o
 .ARM.attributes
                0x00000217       0x34 ./Drivers/STM32F3xx_HAL_Driver/Src/stm32f3xx_hal_dma.o
 .ARM.attributes
                0x0000024b       0x34 ./Drivers/STM32F3xx_HAL_Driver/Src/stm32f3xx_hal_gpio.o
 .ARM.attributes
                0x0000027f       0x34 ./Drivers/STM32F3xx_HAL_Driver/Src/stm32f3xx_hal_rcc.o
 .ARM.attributes
                0x000002b3       0x34 ./Drivers/STM32F3xx_HAL_Driver/Src/stm32f3xx_hal_uart.o
 .ARM.attributes
                0x000002e7       0x34 C:/ST/STM32CubeIDE_1.16.0/STM32CubeIDE/plugins/com.st.stm32cube.ide.mcu.externaltools.gnu-tools-for-stm32.12.3.rel1.win32_1.0.200.202406191623/tools/bin/../lib/gcc/arm-none-eabi/12.3.1/../../../../arm-none-eabi/lib/thumb/v7e-m+fp/hard\libc_nano.a(libc_a-memset.o)
 .ARM.attributes
                0x0000031b       0x34 C:/ST/STM32CubeIDE_1.16.0/STM32CubeIDE/plugins/com.st.stm32cube.ide.mcu.externaltools.gnu-tools-for-stm32.12.3.rel1.win32_1.0.200.202406191623/tools/bin/../lib/gcc/arm-none-eabi/12.3.1/../../../../arm-none-eabi/lib/thumb/v7e-m+fp/hard\libc_nano.a(libc_a-init.o)
 .ARM.attributes
                0x0000034f       0x22 C:/ST/STM32CubeIDE_1.16.0/STM32CubeIDE/plugins/com.st.stm32cube.ide.mcu.externaltools.gnu-tools-for-stm32.12.3.rel1.win32_1.0.200.202406191623/tools/bin/../lib/gcc/arm-none-eabi/12.3.1/thumb/v7e-m+fp/hard/crtn.o
OUTPUT(ADC_DMA_example2.elf elf32-littlearm)
LOAD linker stubs
LOAD C:/ST/STM32CubeIDE_1.16.0/STM32CubeIDE/plugins/com.st.stm32cube.ide.mcu.externaltools.gnu-tools-for-stm32.12.3.rel1.win32_1.0.200.202406191623/tools/bin/../lib/gcc/arm-none-eabi/12.3.1/../../../../arm-none-eabi/lib/thumb/v7e-m+fp/hard\libc.a
LOAD C:/ST/STM32CubeIDE_1.16.0/STM32CubeIDE/plugins/com.st.stm32cube.ide.mcu.externaltools.gnu-tools-for-stm32.12.3.rel1.win32_1.0.200.202406191623/tools/bin/../lib/gcc/arm-none-eabi/12.3.1/../../../../arm-none-eabi/lib/thumb/v7e-m+fp/hard\libm.a
LOAD C:/ST/STM32CubeIDE_1.16.0/STM32CubeIDE/plugins/com.st.stm32cube.ide.mcu.externaltools.gnu-tools-for-stm32.12.3.rel1.win32_1.0.200.202406191623/tools/bin/../lib/gcc/arm-none-eabi/12.3.1/thumb/v7e-m+fp/hard\libgcc.a

.debug_info     0x00000000     0xb8c4
 .debug_info    0x00000000     0x11d2 ./Core/Src/main.o
 .debug_info    0x000011d2      0xf79 ./Core/Src/stm32f3xx_hal_msp.o
 .debug_info    0x0000214b      0x738 ./Core/Src/stm32f3xx_it.o
 .debug_info    0x00002883      0x407 ./Core/Src/system_stm32f3xx.o
 .debug_info    0x00002c8a       0x30 ./Core/Startup/startup_stm32f302r8tx.o
 .debug_info    0x00002cba      0x774 ./Drivers/STM32F3xx_HAL_Driver/Src/stm32f3xx_hal.o
 .debug_info    0x0000342e      0xb32 ./Drivers/STM32F3xx_HAL_Driver/Src/stm32f3xx_hal_adc.o
 .debug_info    0x00003f60     0x13a2 ./Drivers/STM32F3xx_HAL_Driver/Src/stm32f3xx_hal_adc_ex.o
 .debug_info    0x00005302      0xab1 ./Drivers/STM32F3xx_HAL_Driver/Src/stm32f3xx_hal_cortex.o
 .debug_info    0x00005db3      0x6e1 ./Drivers/STM32F3xx_HAL_Driver/Src/stm32f3xx_hal_dma.o
 .debug_info    0x00006494      0x5fe ./Drivers/STM32F3xx_HAL_Driver/Src/stm32f3xx_hal_gpio.o
 .debug_info    0x00006a92     0x148a ./Drivers/STM32F3xx_HAL_Driver/Src/stm32f3xx_hal_rcc.o
 .debug_info    0x00007f1c     0x39a8 ./Drivers/STM32F3xx_HAL_Driver/Src/stm32f3xx_hal_uart.o

.debug_abbrev   0x00000000     0x1a26
 .debug_abbrev  0x00000000      0x28d ./Core/Src/main.o
 .debug_abbrev  0x0000028d      0x1ec ./Core/Src/stm32f3xx_hal_msp.o
 .debug_abbrev  0x00000479      0x1a6 ./Core/Src/stm32f3xx_it.o
 .debug_abbrev  0x0000061f      0x11a ./Core/Src/system_stm32f3xx.o
 .debug_abbrev  0x00000739       0x24 ./Core/Startup/startup_stm32f302r8tx.o
 .debug_abbrev  0x0000075d      0x215 ./Drivers/STM32F3xx_HAL_Driver/Src/stm32f3xx_hal.o
 .debug_abbrev  0x00000972      0x186 ./Drivers/STM32F3xx_HAL_Driver/Src/stm32f3xx_hal_adc.o
 .debug_abbrev  0x00000af8      0x28e ./Drivers/STM32F3xx_HAL_Driver/Src/stm32f3xx_hal_adc_ex.o
 .debug_abbrev  0x00000d86      0x2f8 ./Drivers/STM32F3xx_HAL_Driver/Src/stm32f3xx_hal_cortex.o
 .debug_abbrev  0x0000107e      0x20d ./Drivers/STM32F3xx_HAL_Driver/Src/stm32f3xx_hal_dma.o
 .debug_abbrev  0x0000128b      0x1ca ./Drivers/STM32F3xx_HAL_Driver/Src/stm32f3xx_hal_gpio.o
 .debug_abbrev  0x00001455      0x300 ./Drivers/STM32F3xx_HAL_Driver/Src/stm32f3xx_hal_rcc.o
 .debug_abbrev  0x00001755      0x2d1 ./Drivers/STM32F3xx_HAL_Driver/Src/stm32f3xx_hal_uart.o

.debug_aranges  0x00000000      0x8c8
 .debug_aranges
                0x00000000       0x50 ./Core/Src/main.o
 .debug_aranges
                0x00000050       0x40 ./Core/Src/stm32f3xx_hal_msp.o
 .debug_aranges
                0x00000090       0x70 ./Core/Src/stm32f3xx_it.o
 .debug_aranges
                0x00000100       0x28 ./Core/Src/system_stm32f3xx.o
 .debug_aranges
                0x00000128       0x28 ./Core/Startup/startup_stm32f302r8tx.o
 .debug_aranges
                0x00000150       0xe0 ./Drivers/STM32F3xx_HAL_Driver/Src/stm32f3xx_hal.o
 .debug_aranges
                0x00000230       0xc8 ./Drivers/STM32F3xx_HAL_Driver/Src/stm32f3xx_hal_adc.o
 .debug_aranges
                0x000002f8      0x140 ./Drivers/STM32F3xx_HAL_Driver/Src/stm32f3xx_hal_adc_ex.o
 .debug_aranges
                0x00000438      0x100 ./Drivers/STM32F3xx_HAL_Driver/Src/stm32f3xx_hal_cortex.o
 .debug_aranges
                0x00000538       0x88 ./Drivers/STM32F3xx_HAL_Driver/Src/stm32f3xx_hal_dma.o
 .debug_aranges
                0x000005c0       0x58 ./Drivers/STM32F3xx_HAL_Driver/Src/stm32f3xx_hal_gpio.o
 .debug_aranges
                0x00000618       0x88 ./Drivers/STM32F3xx_HAL_Driver/Src/stm32f3xx_hal_rcc.o
 .debug_aranges
                0x000006a0      0x228 ./Drivers/STM32F3xx_HAL_Driver/Src/stm32f3xx_hal_uart.o

.debug_rnglists
                0x00000000      0x6c4
 .debug_rnglists
                0x00000000       0x3a ./Core/Src/main.o
 .debug_rnglists
                0x0000003a       0x2d ./Core/Src/stm32f3xx_hal_msp.o
 .debug_rnglists
                0x00000067       0x4f ./Core/Src/stm32f3xx_it.o
 .debug_rnglists
                0x000000b6       0x1a ./Core/Src/system_stm32f3xx.o
 .debug_rnglists
                0x000000d0       0x19 ./Core/Startup/startup_stm32f302r8tx.o
 .debug_rnglists
                0x000000e9       0xa3 ./Drivers/STM32F3xx_HAL_Driver/Src/stm32f3xx_hal.o
 .debug_rnglists
                0x0000018c       0x91 ./Drivers/STM32F3xx_HAL_Driver/Src/stm32f3xx_hal_adc.o
 .debug_rnglists
                0x0000021d      0x104 ./Drivers/STM32F3xx_HAL_Driver/Src/stm32f3xx_hal_adc_ex.o
 .debug_rnglists
                0x00000321       0xbb ./Drivers/STM32F3xx_HAL_Driver/Src/stm32f3xx_hal_cortex.o
 .debug_rnglists
                0x000003dc       0x69 ./Drivers/STM32F3xx_HAL_Driver/Src/stm32f3xx_hal_dma.o
 .debug_rnglists
                0x00000445       0x3f ./Drivers/STM32F3xx_HAL_Driver/Src/stm32f3xx_hal_gpio.o
 .debug_rnglists
                0x00000484       0x66 ./Drivers/STM32F3xx_HAL_Driver/Src/stm32f3xx_hal_rcc.o
 .debug_rnglists
                0x000004ea      0x1da ./Drivers/STM32F3xx_HAL_Driver/Src/stm32f3xx_hal_uart.o

.debug_macro    0x00000000    0x1b627
 .debug_macro   0x00000000      0x2e1 ./Core/Src/main.o
 .debug_macro   0x000002e1      0xab4 ./Core/Src/main.o
 .debug_macro   0x00000d95      0x157 ./Core/Src/main.o
 .debug_macro   0x00000eec       0x2e ./Core/Src/main.o
 .debug_macro   0x00000f1a       0x28 ./Core/Src/main.o
 .debug_macro   0x00000f42       0x22 ./Core/Src/main.o
 .debug_macro   0x00000f64       0x8e ./Core/Src/main.o
 .debug_macro   0x00000ff2       0x51 ./Core/Src/main.o
 .debug_macro   0x00001043      0x103 ./Core/Src/main.o
 .debug_macro   0x00001146       0x6a ./Core/Src/main.o
 .debug_macro   0x000011b0      0x1df ./Core/Src/main.o
 .debug_macro   0x0000138f       0x1c ./Core/Src/main.o
 .debug_macro   0x000013ab       0x22 ./Core/Src/main.o
 .debug_macro   0x000013cd       0xd9 ./Core/Src/main.o
 .debug_macro   0x000014a6      0xf07 ./Core/Src/main.o
 .debug_macro   0x000023ad    0x110e8 ./Core/Src/main.o
 .debug_macro   0x00013495       0x6d ./Core/Src/main.o
 .debug_macro   0x00013502     0x3574 ./Core/Src/main.o
 .debug_macro   0x00016a76      0x189 ./Core/Src/main.o
 .debug_macro   0x00016bff       0x55 ./Core/Src/main.o
 .debug_macro   0x00016c54      0x8f8 ./Core/Src/main.o
 .debug_macro   0x0001754c      0x41b ./Core/Src/main.o
 .debug_macro   0x00017967      0x1b5 ./Core/Src/main.o
 .debug_macro   0x00017b1c      0x161 ./Core/Src/main.o
 .debug_macro   0x00017c7d      0x1d5 ./Core/Src/main.o
 .debug_macro   0x00017e52      0x1bc ./Core/Src/main.o
 .debug_macro   0x0001800e       0x34 ./Core/Src/main.o
 .debug_macro   0x00018042       0x3c ./Core/Src/main.o
 .debug_macro   0x0001807e       0x57 ./Core/Src/main.o
 .debug_macro   0x000180d5      0x7b9 ./Core/Src/main.o
 .debug_macro   0x0001888e       0x77 ./Core/Src/main.o
 .debug_macro   0x00018905       0xc5 ./Core/Src/main.o
 .debug_macro   0x000189ca      0x19f ./Core/Src/main.o
 .debug_macro   0x00018b69      0x22c ./Core/Src/main.o
 .debug_macro   0x00018d95       0x5b ./Core/Src/main.o
 .debug_macro   0x00018df0       0xa5 ./Core/Src/main.o
 .debug_macro   0x00018e95       0x81 ./Core/Src/main.o
 .debug_macro   0x00018f16       0xd3 ./Core/Src/main.o
 .debug_macro   0x00018fe9      0x5ba ./Core/Src/main.o
 .debug_macro   0x000195a3       0x44 ./Core/Src/main.o
 .debug_macro   0x000195e7      0x1f7 ./Core/Src/main.o
 .debug_macro   0x000197de       0x58 ./Core/Src/main.o
 .debug_macro   0x00019836       0x61 ./Core/Src/main.o
 .debug_macro   0x00019897       0x2a ./Core/Src/main.o
 .debug_macro   0x000198c1       0x43 ./Core/Src/main.o
 .debug_macro   0x00019904       0x34 ./Core/Src/main.o
 .debug_macro   0x00019938       0x16 ./Core/Src/main.o
 .debug_macro   0x0001994e       0x35 ./Core/Src/main.o
 .debug_macro   0x00019983      0x369 ./Core/Src/main.o
 .debug_macro   0x00019cec       0x10 ./Core/Src/main.o
 .debug_macro   0x00019cfc       0x16 ./Core/Src/main.o
 .debug_macro   0x00019d12       0x43 ./Core/Src/main.o
 .debug_macro   0x00019d55       0x34 ./Core/Src/main.o
 .debug_macro   0x00019d89       0x10 ./Core/Src/main.o
 .debug_macro   0x00019d99       0x58 ./Core/Src/main.o
 .debug_macro   0x00019df1       0x8e ./Core/Src/main.o
 .debug_macro   0x00019e7f       0x1c ./Core/Src/main.o
 .debug_macro   0x00019e9b      0x177 ./Core/Src/main.o
 .debug_macro   0x0001a012       0x16 ./Core/Src/main.o
 .debug_macro   0x0001a028       0x16 ./Core/Src/main.o
 .debug_macro   0x0001a03e      0x146 ./Core/Src/main.o
 .debug_macro   0x0001a184       0x16 ./Core/Src/main.o
 .debug_macro   0x0001a19a       0x20 ./Core/Src/main.o
 .debug_macro   0x0001a1ba      0x1d9 ./Core/Src/stm32f3xx_hal_msp.o
 .debug_macro   0x0001a393      0x1e3 ./Core/Src/stm32f3xx_it.o
 .debug_macro   0x0001a576      0x1ca ./Core/Src/system_stm32f3xx.o
 .debug_macro   0x0001a740      0x1ee ./Drivers/STM32F3xx_HAL_Driver/Src/stm32f3xx_hal.o
 .debug_macro   0x0001a92e      0x1cb ./Drivers/STM32F3xx_HAL_Driver/Src/stm32f3xx_hal_adc.o
 .debug_macro   0x0001aaf9      0x1f4 ./Drivers/STM32F3xx_HAL_Driver/Src/stm32f3xx_hal_adc_ex.o
 .debug_macro   0x0001aced      0x1ca ./Drivers/STM32F3xx_HAL_Driver/Src/stm32f3xx_hal_cortex.o
 .debug_macro   0x0001aeb7      0x1ca ./Drivers/STM32F3xx_HAL_Driver/Src/stm32f3xx_hal_dma.o
 .debug_macro   0x0001b081      0x1d1 ./Drivers/STM32F3xx_HAL_Driver/Src/stm32f3xx_hal_gpio.o
 .debug_macro   0x0001b252      0x1ee ./Drivers/STM32F3xx_HAL_Driver/Src/stm32f3xx_hal_rcc.o
 .debug_macro   0x0001b440      0x1e7 ./Drivers/STM32F3xx_HAL_Driver/Src/stm32f3xx_hal_uart.o

.debug_line     0x00000000     0xbbcb
 .debug_line    0x00000000      0xa61 ./Core/Src/main.o
 .debug_line    0x00000a61      0x826 ./Core/Src/stm32f3xx_hal_msp.o
 .debug_line    0x00001287      0x85d ./Core/Src/stm32f3xx_it.o
 .debug_line    0x00001ae4      0x7e4 ./Core/Src/system_stm32f3xx.o
 .debug_line    0x000022c8       0x7a ./Core/Startup/startup_stm32f302r8tx.o
 .debug_line    0x00002342      0xa1c ./Drivers/STM32F3xx_HAL_Driver/Src/stm32f3xx_hal.o
 .debug_line    0x00002d5e      0x95a ./Drivers/STM32F3xx_HAL_Driver/Src/stm32f3xx_hal_adc.o
 .debug_line    0x000036b8     0x1be2 ./Drivers/STM32F3xx_HAL_Driver/Src/stm32f3xx_hal_adc_ex.o
 .debug_line    0x0000529a      0xc02 ./Drivers/STM32F3xx_HAL_Driver/Src/stm32f3xx_hal_cortex.o
 .debug_line    0x00005e9c      0xd06 ./Drivers/STM32F3xx_HAL_Driver/Src/stm32f3xx_hal_dma.o
 .debug_line    0x00006ba2      0xb7f ./Drivers/STM32F3xx_HAL_Driver/Src/stm32f3xx_hal_gpio.o
 .debug_line    0x00007721     0x13b0 ./Drivers/STM32F3xx_HAL_Driver/Src/stm32f3xx_hal_rcc.o
 .debug_line    0x00008ad1     0x30fa ./Drivers/STM32F3xx_HAL_Driver/Src/stm32f3xx_hal_uart.o

.debug_str      0x00000000    0xa233f
 .debug_str     0x00000000    0xa0401 ./Core/Src/main.o
                              0xa0859 (size before relaxing)
 .debug_str     0x000a0401       0xda ./Core/Src/stm32f3xx_hal_msp.o
                              0x9cf3a (size before relaxing)
 .debug_str     0x000a04db      0x108 ./Core/Src/stm32f3xx_it.o
                              0x9c89e (size before relaxing)
 .debug_str     0x000a05e3       0xdf ./Core/Src/system_stm32f3xx.o
                              0x9c358 (size before relaxing)
 .debug_str     0x000a06c2       0x44 ./Core/Startup/startup_stm32f302r8tx.o
                                 0x92 (size before relaxing)
 .debug_str     0x000a0706      0x384 ./Drivers/STM32F3xx_HAL_Driver/Src/stm32f3xx_hal.o
                              0x9cab2 (size before relaxing)
 .debug_str     0x000a0a8a      0x1ea ./Drivers/STM32F3xx_HAL_Driver/Src/stm32f3xx_hal_adc.o
                              0x9c945 (size before relaxing)
 .debug_str     0x000a0c74      0x648 ./Drivers/STM32F3xx_HAL_Driver/Src/stm32f3xx_hal_adc_ex.o
                              0x9cf7a (size before relaxing)
 .debug_str     0x000a12bc      0x218 ./Drivers/STM32F3xx_HAL_Driver/Src/stm32f3xx_hal_cortex.o
                              0x9c9d7 (size before relaxing)
 .debug_str     0x000a14d4      0x1fa ./Drivers/STM32F3xx_HAL_Driver/Src/stm32f3xx_hal_dma.o
                              0x9c6a0 (size before relaxing)
 .debug_str     0x000a16ce      0x12b ./Drivers/STM32F3xx_HAL_Driver/Src/stm32f3xx_hal_gpio.o
                              0x9c4ce (size before relaxing)
 .debug_str     0x000a17f9      0x2d1 ./Drivers/STM32F3xx_HAL_Driver/Src/stm32f3xx_hal_rcc.o
                              0x9c7f8 (size before relaxing)
 .debug_str     0x000a1aca      0x875 ./Drivers/STM32F3xx_HAL_Driver/Src/stm32f3xx_hal_uart.o
                              0x9d07b (size before relaxing)

.comment        0x00000000       0x43
 .comment       0x00000000       0x43 ./Core/Src/main.o
                                 0x44 (size before relaxing)
 .comment       0x00000043       0x44 ./Core/Src/stm32f3xx_hal_msp.o
 .comment       0x00000043       0x44 ./Core/Src/stm32f3xx_it.o
 .comment       0x00000043       0x44 ./Core/Src/system_stm32f3xx.o
 .comment       0x00000043       0x44 ./Drivers/STM32F3xx_HAL_Driver/Src/stm32f3xx_hal.o
 .comment       0x00000043       0x44 ./Drivers/STM32F3xx_HAL_Driver/Src/stm32f3xx_hal_adc.o
 .comment       0x00000043       0x44 ./Drivers/STM32F3xx_HAL_Driver/Src/stm32f3xx_hal_adc_ex.o
 .comment       0x00000043       0x44 ./Drivers/STM32F3xx_HAL_Driver/Src/stm32f3xx_hal_cortex.o
 .comment       0x00000043       0x44 ./Drivers/STM32F3xx_HAL_Driver/Src/stm32f3xx_hal_dma.o
 .comment       0x00000043       0x44 ./Drivers/STM32F3xx_HAL_Driver/Src/stm32f3xx_hal_gpio.o
 .comment       0x00000043       0x44 ./Drivers/STM32F3xx_HAL_Driver/Src/stm32f3xx_hal_rcc.o
 .comment       0x00000043       0x44 ./Drivers/STM32F3xx_HAL_Driver/Src/stm32f3xx_hal_uart.o

.debug_frame    0x00000000     0x2358
 .debug_frame   0x00000000       0xf0 ./Core/Src/main.o
 .debug_frame   0x000000f0       0xc4 ./Core/Src/stm32f3xx_hal_msp.o
 .debug_frame   0x000001b4      0x13c ./Core/Src/stm32f3xx_it.o
 .debug_frame   0x000002f0       0x58 ./Core/Src/system_stm32f3xx.o
 .debug_frame   0x00000348      0x334 ./Drivers/STM32F3xx_HAL_Driver/Src/stm32f3xx_hal.o
 .debug_frame   0x0000067c      0x380 ./Drivers/STM32F3xx_HAL_Driver/Src/stm32f3xx_hal_adc.o
 .debug_frame   0x000009fc      0x57c ./Drivers/STM32F3xx_HAL_Driver/Src/stm32f3xx_hal_adc_ex.o
 .debug_frame   0x00000f78      0x428 ./Drivers/STM32F3xx_HAL_Driver/Src/stm32f3xx_hal_cortex.o
 .debug_frame   0x000013a0      0x224 ./Drivers/STM32F3xx_HAL_Driver/Src/stm32f3xx_hal_dma.o
 .debug_frame   0x000015c4      0x14c ./Drivers/STM32F3xx_HAL_Driver/Src/stm32f3xx_hal_gpio.o
 .debug_frame   0x00001710      0x214 ./Drivers/STM32F3xx_HAL_Driver/Src/stm32f3xx_hal_rcc.o
 .debug_frame   0x00001924      0x9e8 ./Drivers/STM32F3xx_HAL_Driver/Src/stm32f3xx_hal_uart.o
 .debug_frame   0x0000230c       0x20 C:/ST/STM32CubeIDE_1.16.0/STM32CubeIDE/plugins/com.st.stm32cube.ide.mcu.externaltools.gnu-tools-for-stm32.12.3.rel1.win32_1.0.200.202406191623/tools/bin/../lib/gcc/arm-none-eabi/12.3.1/../../../../arm-none-eabi/lib/thumb/v7e-m+fp/hard\libc_nano.a(libc_a-memset.o)
 .debug_frame   0x0000232c       0x2c C:/ST/STM32CubeIDE_1.16.0/STM32CubeIDE/plugins/com.st.stm32cube.ide.mcu.externaltools.gnu-tools-for-stm32.12.3.rel1.win32_1.0.200.202406191623/tools/bin/../lib/gcc/arm-none-eabi/12.3.1/../../../../arm-none-eabi/lib/thumb/v7e-m+fp/hard\libc_nano.a(libc_a-init.o)

.debug_line_str
                0x00000000       0x76
 .debug_line_str
                0x00000000       0x76 ./Core/Startup/startup_stm32f302r8tx.o
