../Core/Src/main.c:116:6:HAL_CAN_RxFifo1MsgPendingCallback	16	static
../Core/Src/main.c:130:7:ByteToFloat	24	static
../Core/Src/main.c:146:5:main	40	static
../Core/Src/main.c:354:6:SystemClock_Config	120	static
../Core/Src/main.c:401:13:MX_ADC1_Init	32	static
../Core/Src/main.c:467:13:MX_CAN_Init	48	static
../Core/Src/main.c:520:13:MX_USART2_UART_Init	8	static
../Core/Src/main.c:553:13:MX_DMA_Init	16	static
../Core/Src/main.c:571:13:MX_GPIO_Init	48	static
../Core/Src/main.c:608:6:HAL_ADC_ConvCpltCallback	16	static
../Core/Src/main.c:617:6:Error_Handler	4	static,ignoring_inline_asm
