20:34:45 **** Build of configuration Debug for project RaspberryPiUARTExample ****
make -j12 all 
arm-none-eabi-gcc "../Drivers/STM32F3xx_HAL_Driver/Src/stm32f3xx_hal.c" -mcpu=cortex-m4 -std=gnu11 -g3 -DDEBUG -DUSE_HAL_DRIVER -DSTM32F302x8 -c -I../Core/Inc -I../Drivers/STM32F3xx_HAL_Driver/Inc -I../Drivers/STM32F3xx_HAL_Driver/Inc/Legacy -I../Drivers/CMSIS/Device/ST/STM32F3xx/Include -I../Drivers/CMSIS/Include -O0 -ffunction-sections -fdata-sections -Wall -fstack-usage -fcyclomatic-complexity -MMD -MP -MF"Drivers/STM32F3xx_HAL_Driver/Src/stm32f3xx_hal.d" -MT"Drivers/STM32F3xx_HAL_Driver/Src/stm32f3xx_hal.o" --specs=nano.specs -mfpu=fpv4-sp-d16 -mfloat-abi=hard -mthumb -o "Drivers/STM32F3xx_HAL_Driver/Src/stm32f3xx_hal.o"
arm-none-eabi-gcc "../Drivers/STM32F3xx_HAL_Driver/Src/stm32f3xx_hal_cortex.c" -mcpu=cortex-m4 -std=gnu11 -g3 -DDEBUG -DUSE_HAL_DRIVER -DSTM32F302x8 -c -I../Core/Inc -I../Drivers/STM32F3xx_HAL_Driver/Inc -I../Drivers/STM32F3xx_HAL_Driver/Inc/Legacy -I../Drivers/CMSIS/Device/ST/STM32F3xx/Include -I../Drivers/CMSIS/Include -O0 -ffunction-sections -fdata-sections -Wall -fstack-usage -fcyclomatic-complexity -MMD -MP -MF"Drivers/STM32F3xx_HAL_Driver/Src/stm32f3xx_hal_cortex.d" -MT"Drivers/STM32F3xx_HAL_Driver/Src/stm32f3xx_hal_cortex.o" --specs=nano.specs -mfpu=fpv4-sp-d16 -mfloat-abi=hard -mthumb -o "Drivers/STM32F3xx_HAL_Driver/Src/stm32f3xx_hal_cortex.o"
arm-none-eabi-gcc "../Drivers/STM32F3xx_HAL_Driver/Src/stm32f3xx_hal_dma.c" -mcpu=cortex-m4 -std=gnu11 -g3 -DDEBUG -DUSE_HAL_DRIVER -DSTM32F302x8 -c -I../Core/Inc -I../Drivers/STM32F3xx_HAL_Driver/Inc -I../Drivers/STM32F3xx_HAL_Driver/Inc/Legacy -I../Drivers/CMSIS/Device/ST/STM32F3xx/Include -I../Drivers/CMSIS/Include -O0 -ffunction-sections -fdata-sections -Wall -fstack-usage -fcyclomatic-complexity -MMD -MP -MF"Drivers/STM32F3xx_HAL_Driver/Src/stm32f3xx_hal_dma.d" -MT"Drivers/STM32F3xx_HAL_Driver/Src/stm32f3xx_hal_dma.o" --specs=nano.specs -mfpu=fpv4-sp-d16 -mfloat-abi=hard -mthumb -o "Drivers/STM32F3xx_HAL_Driver/Src/stm32f3xx_hal_dma.o"
arm-none-eabi-gcc "../Drivers/STM32F3xx_HAL_Driver/Src/stm32f3xx_hal_exti.c" -mcpu=cortex-m4 -std=gnu11 -g3 -DDEBUG -DUSE_HAL_DRIVER -DSTM32F302x8 -c -I../Core/Inc -I../Drivers/STM32F3xx_HAL_Driver/Inc -I../Drivers/STM32F3xx_HAL_Driver/Inc/Legacy -I../Drivers/CMSIS/Device/ST/STM32F3xx/Include -I../Drivers/CMSIS/Include -O0 -ffunction-sections -fdata-sections -Wall -fstack-usage -fcyclomatic-complexity -MMD -MP -MF"Drivers/STM32F3xx_HAL_Driver/Src/stm32f3xx_hal_exti.d" -MT"Drivers/STM32F3xx_HAL_Driver/Src/stm32f3xx_hal_exti.o" --specs=nano.specs -mfpu=fpv4-sp-d16 -mfloat-abi=hard -mthumb -o "Drivers/STM32F3xx_HAL_Driver/Src/stm32f3xx_hal_exti.o"
arm-none-eabi-gcc "../Drivers/STM32F3xx_HAL_Driver/Src/stm32f3xx_hal_flash.c" -mcpu=cortex-m4 -std=gnu11 -g3 -DDEBUG -DUSE_HAL_DRIVER -DSTM32F302x8 -c -I../Core/Inc -I../Drivers/STM32F3xx_HAL_Driver/Inc -I../Drivers/STM32F3xx_HAL_Driver/Inc/Legacy -I../Drivers/CMSIS/Device/ST/STM32F3xx/Include -I../Drivers/CMSIS/Include -O0 -ffunction-sections -fdata-sections -Wall -fstack-usage -fcyclomatic-complexity -MMD -MP -MF"Drivers/STM32F3xx_HAL_Driver/Src/stm32f3xx_hal_flash.d" -MT"Drivers/STM32F3xx_HAL_Driver/Src/stm32f3xx_hal_flash.o" --specs=nano.specs -mfpu=fpv4-sp-d16 -mfloat-abi=hard -mthumb -o "Drivers/STM32F3xx_HAL_Driver/Src/stm32f3xx_hal_flash.o"
arm-none-eabi-gcc "../Drivers/STM32F3xx_HAL_Driver/Src/stm32f3xx_hal_flash_ex.c" -mcpu=cortex-m4 -std=gnu11 -g3 -DDEBUG -DUSE_HAL_DRIVER -DSTM32F302x8 -c -I../Core/Inc -I../Drivers/STM32F3xx_HAL_Driver/Inc -I../Drivers/STM32F3xx_HAL_Driver/Inc/Legacy -I../Drivers/CMSIS/Device/ST/STM32F3xx/Include -I../Drivers/CMSIS/Include -O0 -ffunction-sections -fdata-sections -Wall -fstack-usage -fcyclomatic-complexity -MMD -MP -MF"Drivers/STM32F3xx_HAL_Driver/Src/stm32f3xx_hal_flash_ex.d" -MT"Drivers/STM32F3xx_HAL_Driver/Src/stm32f3xx_hal_flash_ex.o" --specs=nano.specs -mfpu=fpv4-sp-d16 -mfloat-abi=hard -mthumb -o "Drivers/STM32F3xx_HAL_Driver/Src/stm32f3xx_hal_flash_ex.o"
arm-none-eabi-gcc "../Drivers/STM32F3xx_HAL_Driver/Src/stm32f3xx_hal_gpio.c" -mcpu=cortex-m4 -std=gnu11 -g3 -DDEBUG -DUSE_HAL_DRIVER -DSTM32F302x8 -c -I../Core/Inc -I../Drivers/STM32F3xx_HAL_Driver/Inc -I../Drivers/STM32F3xx_HAL_Driver/Inc/Legacy -I../Drivers/CMSIS/Device/ST/STM32F3xx/Include -I../Drivers/CMSIS/Include -O0 -ffunction-sections -fdata-sections -Wall -fstack-usage -fcyclomatic-complexity -MMD -MP -MF"Drivers/STM32F3xx_HAL_Driver/Src/stm32f3xx_hal_gpio.d" -MT"Drivers/STM32F3xx_HAL_Driver/Src/stm32f3xx_hal_gpio.o" --specs=nano.specs -mfpu=fpv4-sp-d16 -mfloat-abi=hard -mthumb -o "Drivers/STM32F3xx_HAL_Driver/Src/stm32f3xx_hal_gpio.o"
arm-none-eabi-gcc "../Drivers/STM32F3xx_HAL_Driver/Src/stm32f3xx_hal_i2c.c" -mcpu=cortex-m4 -std=gnu11 -g3 -DDEBUG -DUSE_HAL_DRIVER -DSTM32F302x8 -c -I../Core/Inc -I../Drivers/STM32F3xx_HAL_Driver/Inc -I../Drivers/STM32F3xx_HAL_Driver/Inc/Legacy -I../Drivers/CMSIS/Device/ST/STM32F3xx/Include -I../Drivers/CMSIS/Include -O0 -ffunction-sections -fdata-sections -Wall -fstack-usage -fcyclomatic-complexity -MMD -MP -MF"Drivers/STM32F3xx_HAL_Driver/Src/stm32f3xx_hal_i2c.d" -MT"Drivers/STM32F3xx_HAL_Driver/Src/stm32f3xx_hal_i2c.o" --specs=nano.specs -mfpu=fpv4-sp-d16 -mfloat-abi=hard -mthumb -o "Drivers/STM32F3xx_HAL_Driver/Src/stm32f3xx_hal_i2c.o"
arm-none-eabi-gcc "../Drivers/STM32F3xx_HAL_Driver/Src/stm32f3xx_hal_i2c_ex.c" -mcpu=cortex-m4 -std=gnu11 -g3 -DDEBUG -DUSE_HAL_DRIVER -DSTM32F302x8 -c -I../Core/Inc -I../Drivers/STM32F3xx_HAL_Driver/Inc -I../Drivers/STM32F3xx_HAL_Driver/Inc/Legacy -I../Drivers/CMSIS/Device/ST/STM32F3xx/Include -I../Drivers/CMSIS/Include -O0 -ffunction-sections -fdata-sections -Wall -fstack-usage -fcyclomatic-complexity -MMD -MP -MF"Drivers/STM32F3xx_HAL_Driver/Src/stm32f3xx_hal_i2c_ex.d" -MT"Drivers/STM32F3xx_HAL_Driver/Src/stm32f3xx_hal_i2c_ex.o" --specs=nano.specs -mfpu=fpv4-sp-d16 -mfloat-abi=hard -mthumb -o "Drivers/STM32F3xx_HAL_Driver/Src/stm32f3xx_hal_i2c_ex.o"
arm-none-eabi-gcc "../Drivers/STM32F3xx_HAL_Driver/Src/stm32f3xx_hal_pwr.c" -mcpu=cortex-m4 -std=gnu11 -g3 -DDEBUG -DUSE_HAL_DRIVER -DSTM32F302x8 -c -I../Core/Inc -I../Drivers/STM32F3xx_HAL_Driver/Inc -I../Drivers/STM32F3xx_HAL_Driver/Inc/Legacy -I../Drivers/CMSIS/Device/ST/STM32F3xx/Include -I../Drivers/CMSIS/Include -O0 -ffunction-sections -fdata-sections -Wall -fstack-usage -fcyclomatic-complexity -MMD -MP -MF"Drivers/STM32F3xx_HAL_Driver/Src/stm32f3xx_hal_pwr.d" -MT"Drivers/STM32F3xx_HAL_Driver/Src/stm32f3xx_hal_pwr.o" --specs=nano.specs -mfpu=fpv4-sp-d16 -mfloat-abi=hard -mthumb -o "Drivers/STM32F3xx_HAL_Driver/Src/stm32f3xx_hal_pwr.o"
arm-none-eabi-gcc "../Drivers/STM32F3xx_HAL_Driver/Src/stm32f3xx_hal_pwr_ex.c" -mcpu=cortex-m4 -std=gnu11 -g3 -DDEBUG -DUSE_HAL_DRIVER -DSTM32F302x8 -c -I../Core/Inc -I../Drivers/STM32F3xx_HAL_Driver/Inc -I../Drivers/STM32F3xx_HAL_Driver/Inc/Legacy -I../Drivers/CMSIS/Device/ST/STM32F3xx/Include -I../Drivers/CMSIS/Include -O0 -ffunction-sections -fdata-sections -Wall -fstack-usage -fcyclomatic-complexity -MMD -MP -MF"Drivers/STM32F3xx_HAL_Driver/Src/stm32f3xx_hal_pwr_ex.d" -MT"Drivers/STM32F3xx_HAL_Driver/Src/stm32f3xx_hal_pwr_ex.o" --specs=nano.specs -mfpu=fpv4-sp-d16 -mfloat-abi=hard -mthumb -o "Drivers/STM32F3xx_HAL_Driver/Src/stm32f3xx_hal_pwr_ex.o"
arm-none-eabi-gcc "../Drivers/STM32F3xx_HAL_Driver/Src/stm32f3xx_hal_rcc.c" -mcpu=cortex-m4 -std=gnu11 -g3 -DDEBUG -DUSE_HAL_DRIVER -DSTM32F302x8 -c -I../Core/Inc -I../Drivers/STM32F3xx_HAL_Driver/Inc -I../Drivers/STM32F3xx_HAL_Driver/Inc/Legacy -I../Drivers/CMSIS/Device/ST/STM32F3xx/Include -I../Drivers/CMSIS/Include -O0 -ffunction-sections -fdata-sections -Wall -fstack-usage -fcyclomatic-complexity -MMD -MP -MF"Drivers/STM32F3xx_HAL_Driver/Src/stm32f3xx_hal_rcc.d" -MT"Drivers/STM32F3xx_HAL_Driver/Src/stm32f3xx_hal_rcc.o" --specs=nano.specs -mfpu=fpv4-sp-d16 -mfloat-abi=hard -mthumb -o "Drivers/STM32F3xx_HAL_Driver/Src/stm32f3xx_hal_rcc.o"
arm-none-eabi-gcc "../Drivers/STM32F3xx_HAL_Driver/Src/stm32f3xx_hal_rcc_ex.c" -mcpu=cortex-m4 -std=gnu11 -g3 -DDEBUG -DUSE_HAL_DRIVER -DSTM32F302x8 -c -I../Core/Inc -I../Drivers/STM32F3xx_HAL_Driver/Inc -I../Drivers/STM32F3xx_HAL_Driver/Inc/Legacy -I../Drivers/CMSIS/Device/ST/STM32F3xx/Include -I../Drivers/CMSIS/Include -O0 -ffunction-sections -fdata-sections -Wall -fstack-usage -fcyclomatic-complexity -MMD -MP -MF"Drivers/STM32F3xx_HAL_Driver/Src/stm32f3xx_hal_rcc_ex.d" -MT"Drivers/STM32F3xx_HAL_Driver/Src/stm32f3xx_hal_rcc_ex.o" --specs=nano.specs -mfpu=fpv4-sp-d16 -mfloat-abi=hard -mthumb -o "Drivers/STM32F3xx_HAL_Driver/Src/stm32f3xx_hal_rcc_ex.o"
arm-none-eabi-gcc "../Drivers/STM32F3xx_HAL_Driver/Src/stm32f3xx_hal_tim.c" -mcpu=cortex-m4 -std=gnu11 -g3 -DDEBUG -DUSE_HAL_DRIVER -DSTM32F302x8 -c -I../Core/Inc -I../Drivers/STM32F3xx_HAL_Driver/Inc -I../Drivers/STM32F3xx_HAL_Driver/Inc/Legacy -I../Drivers/CMSIS/Device/ST/STM32F3xx/Include -I../Drivers/CMSIS/Include -O0 -ffunction-sections -fdata-sections -Wall -fstack-usage -fcyclomatic-complexity -MMD -MP -MF"Drivers/STM32F3xx_HAL_Driver/Src/stm32f3xx_hal_tim.d" -MT"Drivers/STM32F3xx_HAL_Driver/Src/stm32f3xx_hal_tim.o" --specs=nano.specs -mfpu=fpv4-sp-d16 -mfloat-abi=hard -mthumb -o "Drivers/STM32F3xx_HAL_Driver/Src/stm32f3xx_hal_tim.o"
arm-none-eabi-gcc "../Drivers/STM32F3xx_HAL_Driver/Src/stm32f3xx_hal_tim_ex.c" -mcpu=cortex-m4 -std=gnu11 -g3 -DDEBUG -DUSE_HAL_DRIVER -DSTM32F302x8 -c -I../Core/Inc -I../Drivers/STM32F3xx_HAL_Driver/Inc -I../Drivers/STM32F3xx_HAL_Driver/Inc/Legacy -I../Drivers/CMSIS/Device/ST/STM32F3xx/Include -I../Drivers/CMSIS/Include -O0 -ffunction-sections -fdata-sections -Wall -fstack-usage -fcyclomatic-complexity -MMD -MP -MF"Drivers/STM32F3xx_HAL_Driver/Src/stm32f3xx_hal_tim_ex.d" -MT"Drivers/STM32F3xx_HAL_Driver/Src/stm32f3xx_hal_tim_ex.o" --specs=nano.specs -mfpu=fpv4-sp-d16 -mfloat-abi=hard -mthumb -o "Drivers/STM32F3xx_HAL_Driver/Src/stm32f3xx_hal_tim_ex.o"
arm-none-eabi-gcc "../Drivers/STM32F3xx_HAL_Driver/Src/stm32f3xx_hal_uart.c" -mcpu=cortex-m4 -std=gnu11 -g3 -DDEBUG -DUSE_HAL_DRIVER -DSTM32F302x8 -c -I../Core/Inc -I../Drivers/STM32F3xx_HAL_Driver/Inc -I../Drivers/STM32F3xx_HAL_Driver/Inc/Legacy -I../Drivers/CMSIS/Device/ST/STM32F3xx/Include -I../Drivers/CMSIS/Include -O0 -ffunction-sections -fdata-sections -Wall -fstack-usage -fcyclomatic-complexity -MMD -MP -MF"Drivers/STM32F3xx_HAL_Driver/Src/stm32f3xx_hal_uart.d" -MT"Drivers/STM32F3xx_HAL_Driver/Src/stm32f3xx_hal_uart.o" --specs=nano.specs -mfpu=fpv4-sp-d16 -mfloat-abi=hard -mthumb -o "Drivers/STM32F3xx_HAL_Driver/Src/stm32f3xx_hal_uart.o"
arm-none-eabi-gcc "../Drivers/STM32F3xx_HAL_Driver/Src/stm32f3xx_hal_uart_ex.c" -mcpu=cortex-m4 -std=gnu11 -g3 -DDEBUG -DUSE_HAL_DRIVER -DSTM32F302x8 -c -I../Core/Inc -I../Drivers/STM32F3xx_HAL_Driver/Inc -I../Drivers/STM32F3xx_HAL_Driver/Inc/Legacy -I../Drivers/CMSIS/Device/ST/STM32F3xx/Include -I../Drivers/CMSIS/Include -O0 -ffunction-sections -fdata-sections -Wall -fstack-usage -fcyclomatic-complexity -MMD -MP -MF"Drivers/STM32F3xx_HAL_Driver/Src/stm32f3xx_hal_uart_ex.d" -MT"Drivers/STM32F3xx_HAL_Driver/Src/stm32f3xx_hal_uart_ex.o" --specs=nano.specs -mfpu=fpv4-sp-d16 -mfloat-abi=hard -mthumb -o "Drivers/STM32F3xx_HAL_Driver/Src/stm32f3xx_hal_uart_ex.o"
arm-none-eabi-gcc -mcpu=cortex-m4 -g3 -DDEBUG -c -x assembler-with-cpp -MMD -MP -MF"Core/Startup/startup_stm32f302r8tx.d" -MT"Core/Startup/startup_stm32f302r8tx.o" --specs=nano.specs -mfpu=fpv4-sp-d16 -mfloat-abi=hard -mthumb -o "Core/Startup/startup_stm32f302r8tx.o" "../Core/Startup/startup_stm32f302r8tx.s"
arm-none-eabi-gcc "../Core/Src/main.c" -mcpu=cortex-m4 -std=gnu11 -g3 -DDEBUG -DUSE_HAL_DRIVER -DSTM32F302x8 -c -I../Core/Inc -I../Drivers/STM32F3xx_HAL_Driver/Inc -I../Drivers/STM32F3xx_HAL_Driver/Inc/Legacy -I../Drivers/CMSIS/Device/ST/STM32F3xx/Include -I../Drivers/CMSIS/Include -O0 -ffunction-sections -fdata-sections -Wall -fstack-usage -fcyclomatic-complexity -MMD -MP -MF"Core/Src/main.d" -MT"Core/Src/main.o" --specs=nano.specs -mfpu=fpv4-sp-d16 -mfloat-abi=hard -mthumb -o "Core/Src/main.o"
arm-none-eabi-gcc "../Core/Src/stm32f3xx_hal_msp.c" -mcpu=cortex-m4 -std=gnu11 -g3 -DDEBUG -DUSE_HAL_DRIVER -DSTM32F302x8 -c -I../Core/Inc -I../Drivers/STM32F3xx_HAL_Driver/Inc -I../Drivers/STM32F3xx_HAL_Driver/Inc/Legacy -I../Drivers/CMSIS/Device/ST/STM32F3xx/Include -I../Drivers/CMSIS/Include -O0 -ffunction-sections -fdata-sections -Wall -fstack-usage -fcyclomatic-complexity -MMD -MP -MF"Core/Src/stm32f3xx_hal_msp.d" -MT"Core/Src/stm32f3xx_hal_msp.o" --specs=nano.specs -mfpu=fpv4-sp-d16 -mfloat-abi=hard -mthumb -o "Core/Src/stm32f3xx_hal_msp.o"
arm-none-eabi-gcc "../Core/Src/stm32f3xx_it.c" -mcpu=cortex-m4 -std=gnu11 -g3 -DDEBUG -DUSE_HAL_DRIVER -DSTM32F302x8 -c -I../Core/Inc -I../Drivers/STM32F3xx_HAL_Driver/Inc -I../Drivers/STM32F3xx_HAL_Driver/Inc/Legacy -I../Drivers/CMSIS/Device/ST/STM32F3xx/Include -I../Drivers/CMSIS/Include -O0 -ffunction-sections -fdata-sections -Wall -fstack-usage -fcyclomatic-complexity -MMD -MP -MF"Core/Src/stm32f3xx_it.d" -MT"Core/Src/stm32f3xx_it.o" --specs=nano.specs -mfpu=fpv4-sp-d16 -mfloat-abi=hard -mthumb -o "Core/Src/stm32f3xx_it.o"
arm-none-eabi-gcc "../Core/Src/syscalls.c" -mcpu=cortex-m4 -std=gnu11 -g3 -DDEBUG -DUSE_HAL_DRIVER -DSTM32F302x8 -c -I../Core/Inc -I../Drivers/STM32F3xx_HAL_Driver/Inc -I../Drivers/STM32F3xx_HAL_Driver/Inc/Legacy -I../Drivers/CMSIS/Device/ST/STM32F3xx/Include -I../Drivers/CMSIS/Include -O0 -ffunction-sections -fdata-sections -Wall -fstack-usage -fcyclomatic-complexity -MMD -MP -MF"Core/Src/syscalls.d" -MT"Core/Src/syscalls.o" --specs=nano.specs -mfpu=fpv4-sp-d16 -mfloat-abi=hard -mthumb -o "Core/Src/syscalls.o"
arm-none-eabi-gcc "../Core/Src/sysmem.c" -mcpu=cortex-m4 -std=gnu11 -g3 -DDEBUG -DUSE_HAL_DRIVER -DSTM32F302x8 -c -I../Core/Inc -I../Drivers/STM32F3xx_HAL_Driver/Inc -I../Drivers/STM32F3xx_HAL_Driver/Inc/Legacy -I../Drivers/CMSIS/Device/ST/STM32F3xx/Include -I../Drivers/CMSIS/Include -O0 -ffunction-sections -fdata-sections -Wall -fstack-usage -fcyclomatic-complexity -MMD -MP -MF"Core/Src/sysmem.d" -MT"Core/Src/sysmem.o" --specs=nano.specs -mfpu=fpv4-sp-d16 -mfloat-abi=hard -mthumb -o "Core/Src/sysmem.o"
arm-none-eabi-gcc "../Core/Src/system_stm32f3xx.c" -mcpu=cortex-m4 -std=gnu11 -g3 -DDEBUG -DUSE_HAL_DRIVER -DSTM32F302x8 -c -I../Core/Inc -I../Drivers/STM32F3xx_HAL_Driver/Inc -I../Drivers/STM32F3xx_HAL_Driver/Inc/Legacy -I../Drivers/CMSIS/Device/ST/STM32F3xx/Include -I../Drivers/CMSIS/Include -O0 -ffunction-sections -fdata-sections -Wall -fstack-usage -fcyclomatic-complexity -MMD -MP -MF"Core/Src/system_stm32f3xx.d" -MT"Core/Src/system_stm32f3xx.o" --specs=nano.specs -mfpu=fpv4-sp-d16 -mfloat-abi=hard -mthumb -o "Core/Src/system_stm32f3xx.o"
../Core/Src/main.c: In function 'main':
../Core/Src/main.c:135:27: error: incompatible types when assigning to type 'union Data' from type 'int'
  135 |         BMS_CurrentDraw = 6;
      |                           ^
../Core/Src/main.c:184:25: error: 'prevRPiMsg' undeclared (first use in this function)
  184 |                         prevRPiMsg = currtick;
      |                         ^~~~~~~~~~
../Core/Src/main.c:184:25: note: each undeclared identifier is reported only once for each function it appears in
make: *** [Core/Src/subdir.mk:34: Core/Src/main.o] Error 1
make: *** Waiting for unfinished jobs....
"make -j12 all" terminated with exit code 2. Build might be incomplete.
20:35:50 **** Incremental Build of configuration Debug for project RaspberryPiUARTExample ****
make -j12 all 
arm-none-eabi-gcc "../Core/Src/main.c" -mcpu=cortex-m4 -std=gnu11 -g3 -DDEBUG -DUSE_HAL_DRIVER -DSTM32F302x8 -c -I../Core/Inc -I../Drivers/STM32F3xx_HAL_Driver/Inc -I../Drivers/STM32F3xx_HAL_Driver/Inc/Legacy -I../Drivers/CMSIS/Device/ST/STM32F3xx/Include -I../Drivers/CMSIS/Include -O0 -ffunction-sections -fdata-sections -Wall -fstack-usage -fcyclomatic-complexity -MMD -MP -MF"Core/Src/main.d" -MT"Core/Src/main.o" --specs=nano.specs -mfpu=fpv4-sp-d16 -mfloat-abi=hard -mthumb -o "Core/Src/main.o"
../Core/Src/main.c: In function 'main':
../Core/Src/main.c:185:25: error: 'prevRPiMsg' undeclared (first use in this function)
  185 |                         prevRPiMsg = prevTick;
      |                         ^~~~~~~~~~
../Core/Src/main.c:185:25: note: each undeclared identifier is reported only once for each function it appears in
make: *** [Core/Src/subdir.mk:34: Core/Src/main.o] Error 1
"make -j12 all" terminated with exit code 2. Build might be incomplete.
20:36:04 **** Incremental Build of configuration Debug for project RaspberryPiUARTExample ****
make -j12 all 
arm-none-eabi-gcc "../Core/Src/main.c" -mcpu=cortex-m4 -std=gnu11 -g3 -DDEBUG -DUSE_HAL_DRIVER -DSTM32F302x8 -c -I../Core/Inc -I../Drivers/STM32F3xx_HAL_Driver/Inc -I../Drivers/STM32F3xx_HAL_Driver/Inc/Legacy -I../Drivers/CMSIS/Device/ST/STM32F3xx/Include -I../Drivers/CMSIS/Include -O0 -ffunction-sections -fdata-sections -Wall -fstack-usage -fcyclomatic-complexity -MMD -MP -MF"Core/Src/main.d" -MT"Core/Src/main.o" --specs=nano.specs -mfpu=fpv4-sp-d16 -mfloat-abi=hard -mthumb -o "Core/Src/main.o"
../Core/Src/main.c: In function 'main':
../Core/Src/main.c:155:30: warning: 'prevTick' is used uninitialized [-Wuninitialized]
  155 |                 if (currtick - prevTick > 750) {
      |                     ~~~~~~~~~^~~~~~~~~~
../Core/Src/main.c:107:13: note: 'prevTick' was declared here
  107 |         int prevTick;
      |             ^~~~~~~~
arm-none-eabi-gcc -o "RaspberryPiUARTExample.elf" @"objects.list"   -mcpu=cortex-m4 -T"C:\Users\15149\Coding-Projects\Sunstang\VCU_STM32_2024\RaspberryPiUARTExample\STM32F302R8TX_FLASH.ld" --specs=nosys.specs -Wl,-Map="RaspberryPiUARTExample.map" -Wl,--gc-sections -static --specs=nano.specs -mfpu=fpv4-sp-d16 -mfloat-abi=hard -mthumb -Wl,--start-group -lc -lm -Wl,--end-group
Finished building target: RaspberryPiUARTExample.elf
 
arm-none-eabi-size  RaspberryPiUARTExample.elf 
arm-none-eabi-objdump -h -S RaspberryPiUARTExample.elf  > "RaspberryPiUARTExample.list"
   text	   data	    bss	    dec	    hex	filename
  12496	     12	   1772	  14280	   37c8	RaspberryPiUARTExample.elf
Finished building: default.size.stdout
 
Finished building: RaspberryPiUARTExample.list
 
20:36:24 **** Incremental Build of configuration Debug for project RaspberryPiUARTExample ****
make -j12 all 
arm-none-eabi-size  RaspberryPiUARTExample.elf 
   text	   data	    bss	    dec	    hex	filename
  12496	     12	   1772	  14280	   37c8	RaspberryPiUARTExample.elf
Finished building: default.size.stdout
 
20:36:49 **** Incremental Build of configuration Debug for project RaspberryPiUARTExample ****
make -j12 all 
arm-none-eabi-size  RaspberryPiUARTExample.elf 
   text	   data	    bss	    dec	    hex	filename
  12496	     12	   1772	  14280	   37c8	RaspberryPiUARTExample.elf
Finished building: default.size.stdout
 
20:43:54 **** Incremental Build of configuration Debug for project RaspberryPiUARTExample ****
make -j12 all 
arm-none-eabi-gcc "../Core/Src/main.c" -mcpu=cortex-m4 -std=gnu11 -g3 -DDEBUG -DUSE_HAL_DRIVER -DSTM32F302x8 -c -I../Core/Inc -I../Drivers/STM32F3xx_HAL_Driver/Inc -I../Drivers/STM32F3xx_HAL_Driver/Inc/Legacy -I../Drivers/CMSIS/Device/ST/STM32F3xx/Include -I../Drivers/CMSIS/Include -O0 -ffunction-sections -fdata-sections -Wall -fstack-usage -fcyclomatic-complexity -MMD -MP -MF"Core/Src/main.d" -MT"Core/Src/main.o" --specs=nano.specs -mfpu=fpv4-sp-d16 -mfloat-abi=hard -mthumb -o "Core/Src/main.o"
../Core/Src/main.c: In function 'main':
../Core/Src/main.c:155:30: warning: 'prevTick' is used uninitialized [-Wuninitialized]
  155 |                 if (currtick - prevTick > 750) {
      |                     ~~~~~~~~~^~~~~~~~~~
../Core/Src/main.c:107:13: note: 'prevTick' was declared here
  107 |         int prevTick;
      |             ^~~~~~~~
arm-none-eabi-gcc -o "RaspberryPiUARTExample.elf" @"objects.list"   -mcpu=cortex-m4 -T"C:\Users\15149\Coding-Projects\Sunstang\VCU_STM32_2024\RaspberryPiUARTExample\STM32F302R8TX_FLASH.ld" --specs=nosys.specs -Wl,-Map="RaspberryPiUARTExample.map" -Wl,--gc-sections -static --specs=nano.specs -mfpu=fpv4-sp-d16 -mfloat-abi=hard -mthumb -Wl,--start-group -lc -lm -Wl,--end-group
Finished building target: RaspberryPiUARTExample.elf
 
arm-none-eabi-size  RaspberryPiUARTExample.elf 
arm-none-eabi-objdump -h -S RaspberryPiUARTExample.elf  > "RaspberryPiUARTExample.list"
   text	   data	    bss	    dec	    hex	filename
  12500	     12	   1772	  14284	   37cc	RaspberryPiUARTExample.elf
Finished building: default.size.stdout
 
Finished building: RaspberryPiUARTExample.list
 
20:53:49 **** Incremental Build of configuration Debug for project RaspberryPiUARTExample ****
make -j12 all 
arm-none-eabi-gcc "../Core/Src/main.c" -mcpu=cortex-m4 -std=gnu11 -g3 -DDEBUG -DUSE_HAL_DRIVER -DSTM32F302x8 -c -I../Core/Inc -I../Drivers/STM32F3xx_HAL_Driver/Inc -I../Drivers/STM32F3xx_HAL_Driver/Inc/Legacy -I../Drivers/CMSIS/Device/ST/STM32F3xx/Include -I../Drivers/CMSIS/Include -O0 -ffunction-sections -fdata-sections -Wall -fstack-usage -fcyclomatic-complexity -MMD -MP -MF"Core/Src/main.d" -MT"Core/Src/main.o" --specs=nano.specs -mfpu=fpv4-sp-d16 -mfloat-abi=hard -mthumb -o "Core/Src/main.o"
../Core/Src/main.c: In function 'main':
../Core/Src/main.c:108:17: warning: unused variable 'buf' [-Wunused-variable]
  108 |         uint8_t buf[50];
      |                 ^~~
../Core/Src/main.c:157:30: warning: 'prevTick' is used uninitialized [-Wuninitialized]
  157 |                 if (currtick - prevTick > 750) {
      |                     ~~~~~~~~~^~~~~~~~~~
../Core/Src/main.c:107:13: note: 'prevTick' was declared here
  107 |         int prevTick;
      |             ^~~~~~~~
arm-none-eabi-gcc -o "RaspberryPiUARTExample.elf" @"objects.list"   -mcpu=cortex-m4 -T"C:\Users\15149\Coding-Projects\Sunstang\VCU_STM32_2024\RaspberryPiUARTExample\STM32F302R8TX_FLASH.ld" --specs=nosys.specs -Wl,-Map="RaspberryPiUARTExample.map" -Wl,--gc-sections -static --specs=nano.specs -mfpu=fpv4-sp-d16 -mfloat-abi=hard -mthumb -Wl,--start-group -lc -lm -Wl,--end-group
Finished building target: RaspberryPiUARTExample.elf
 
arm-none-eabi-size  RaspberryPiUARTExample.elf 
arm-none-eabi-objdump -h -S RaspberryPiUARTExample.elf  > "RaspberryPiUARTExample.list"
   text	   data	    bss	    dec	    hex	filename
  10676	     12	   1772	  12460	   30ac	RaspberryPiUARTExample.elf
Finished building: default.size.stdout
 
Finished building: RaspberryPiUARTExample.list
 
20:59:48 **** Incremental Build of configuration Debug for project RaspberryPiUARTExample ****
make -j12 all 
arm-none-eabi-gcc "../Core/Src/main.c" -mcpu=cortex-m4 -std=gnu11 -g3 -DDEBUG -DUSE_HAL_DRIVER -DSTM32F302x8 -c -I../Core/Inc -I../Drivers/STM32F3xx_HAL_Driver/Inc -I../Drivers/STM32F3xx_HAL_Driver/Inc/Legacy -I../Drivers/CMSIS/Device/ST/STM32F3xx/Include -I../Drivers/CMSIS/Include -O0 -ffunction-sections -fdata-sections -Wall -fstack-usage -fcyclomatic-complexity -MMD -MP -MF"Core/Src/main.d" -MT"Core/Src/main.o" --specs=nano.specs -mfpu=fpv4-sp-d16 -mfloat-abi=hard -mthumb -o "Core/Src/main.o"
../Core/Src/main.c: In function 'main':
../Core/Src/main.c:108:17: warning: unused variable 'buf' [-Wunused-variable]
  108 |         uint8_t buf[50];
      |                 ^~~
../Core/Src/main.c:157:30: warning: 'prevTick' is used uninitialized [-Wuninitialized]
  157 |                 if (currtick - prevTick > 750) {
      |                     ~~~~~~~~~^~~~~~~~~~
../Core/Src/main.c:107:13: note: 'prevTick' was declared here
  107 |         int prevTick;
      |             ^~~~~~~~
arm-none-eabi-gcc -o "RaspberryPiUARTExample.elf" @"objects.list"   -mcpu=cortex-m4 -T"C:\Users\15149\Coding-Projects\Sunstang\VCU_STM32_2024\RaspberryPiUARTExample\STM32F302R8TX_FLASH.ld" --specs=nosys.specs -Wl,-Map="RaspberryPiUARTExample.map" -Wl,--gc-sections -static --specs=nano.specs -mfpu=fpv4-sp-d16 -mfloat-abi=hard -mthumb -Wl,--start-group -lc -lm -Wl,--end-group
Finished building target: RaspberryPiUARTExample.elf
 
arm-none-eabi-size  RaspberryPiUARTExample.elf 
arm-none-eabi-objdump -h -S RaspberryPiUARTExample.elf  > "RaspberryPiUARTExample.list"
   text	   data	    bss	    dec	    hex	filename
  10672	     12	   1772	  12456	   30a8	RaspberryPiUARTExample.elf
Finished building: default.size.stdout
 
Finished building: RaspberryPiUARTExample.list
 
21:00:42 **** Incremental Build of configuration Debug for project RaspberryPiUARTExample ****
make -j12 all 
arm-none-eabi-gcc "../Core/Src/main.c" -mcpu=cortex-m4 -std=gnu11 -g3 -DDEBUG -DUSE_HAL_DRIVER -DSTM32F302x8 -c -I../Core/Inc -I../Drivers/STM32F3xx_HAL_Driver/Inc -I../Drivers/STM32F3xx_HAL_Driver/Inc/Legacy -I../Drivers/CMSIS/Device/ST/STM32F3xx/Include -I../Drivers/CMSIS/Include -O0 -ffunction-sections -fdata-sections -Wall -fstack-usage -fcyclomatic-complexity -MMD -MP -MF"Core/Src/main.d" -MT"Core/Src/main.o" --specs=nano.specs -mfpu=fpv4-sp-d16 -mfloat-abi=hard -mthumb -o "Core/Src/main.o"
../Core/Src/main.c: In function 'main':
../Core/Src/main.c:108:17: warning: unused variable 'buf' [-Wunused-variable]
  108 |         uint8_t buf[50];
      |                 ^~~
../Core/Src/main.c:157:30: warning: 'prevTick' is used uninitialized [-Wuninitialized]
  157 |                 if (currtick - prevTick > 750) {
      |                     ~~~~~~~~~^~~~~~~~~~
../Core/Src/main.c:107:13: note: 'prevTick' was declared here
  107 |         int prevTick;
      |             ^~~~~~~~
arm-none-eabi-gcc -o "RaspberryPiUARTExample.elf" @"objects.list"   -mcpu=cortex-m4 -T"C:\Users\15149\Coding-Projects\Sunstang\VCU_STM32_2024\RaspberryPiUARTExample\STM32F302R8TX_FLASH.ld" --specs=nosys.specs -Wl,-Map="RaspberryPiUARTExample.map" -Wl,--gc-sections -static --specs=nano.specs -mfpu=fpv4-sp-d16 -mfloat-abi=hard -mthumb -Wl,--start-group -lc -lm -Wl,--end-group
Finished building target: RaspberryPiUARTExample.elf
 
arm-none-eabi-size  RaspberryPiUARTExample.elf 
arm-none-eabi-objdump -h -S RaspberryPiUARTExample.elf  > "RaspberryPiUARTExample.list"
   text	   data	    bss	    dec	    hex	filename
  10676	     12	   1772	  12460	   30ac	RaspberryPiUARTExample.elf
Finished building: default.size.stdout
 
Finished building: RaspberryPiUARTExample.list
 
21:09:04 **** Incremental Build of configuration Debug for project RaspberryPiUARTExample ****
make -j12 all 
arm-none-eabi-gcc "../Core/Src/main.c" -mcpu=cortex-m4 -std=gnu11 -g3 -DDEBUG -DUSE_HAL_DRIVER -DSTM32F302x8 -c -I../Core/Inc -I../Drivers/STM32F3xx_HAL_Driver/Inc -I../Drivers/STM32F3xx_HAL_Driver/Inc/Legacy -I../Drivers/CMSIS/Device/ST/STM32F3xx/Include -I../Drivers/CMSIS/Include -O0 -ffunction-sections -fdata-sections -Wall -fstack-usage -fcyclomatic-complexity -MMD -MP -MF"Core/Src/main.d" -MT"Core/Src/main.o" --specs=nano.specs -mfpu=fpv4-sp-d16 -mfloat-abi=hard -mthumb -o "Core/Src/main.o"
../Core/Src/main.c: In function 'main':
../Core/Src/main.c:201:44: error: 'huartX' undeclared (first use in this function); did you mean 'huart2'?
  201 |                         HAL_UART_Transmit(&huartX, charbuf, strlen(charbuf), HAL_MAX_DELAY);
      |                                            ^~~~~~
      |                                            huart2
../Core/Src/main.c:201:44: note: each undeclared identifier is reported only once for each function it appears in
../Core/Src/main.c:201:52: warning: pointer targets in passing argument 2 of 'HAL_UART_Transmit' differ in signedness [-Wpointer-sign]
  201 |                         HAL_UART_Transmit(&huartX, charbuf, strlen(charbuf), HAL_MAX_DELAY);
      |                                                    ^~~~~~~
      |                                                    |
      |                                                    char *
In file included from ../Core/Inc/stm32f3xx_hal_conf.h:327,
                 from ../Drivers/STM32F3xx_HAL_Driver/Inc/stm32f3xx_hal.h:29,
                 from ../Core/Inc/main.h:30,
                 from ../Core/Src/main.c:20:
../Drivers/STM32F3xx_HAL_Driver/Inc/stm32f3xx_hal_uart.h:1486:79: note: expected 'const uint8_t *' {aka 'const unsigned char *'} but argument is of type 'char *'
 1486 | HAL_StatusTypeDef HAL_UART_Transmit(UART_HandleTypeDef *huart, const uint8_t *pData, uint16_t Size, uint32_t Timeout);
      |                                                                ~~~~~~~~~~~~~~~^~~~~
../Core/Src/main.c:110:15: warning: unused variable 'f' [-Wunused-variable]
  110 |         float f = 4;
      |               ^
../Core/Src/main.c:109:17: warning: unused variable 'floatbuf' [-Wunused-variable]
  109 |         uint8_t floatbuf[4];
      |                 ^~~~~~~~
../Core/Src/main.c:108:17: warning: unused variable 'buf' [-Wunused-variable]
  108 |         uint8_t buf[50];
      |                 ^~~
make: *** [Core/Src/subdir.mk:34: Core/Src/main.o] Error 1
"make -j12 all" terminated with exit code 2. Build might be incomplete.
21:09:19 **** Incremental Build of configuration Debug for project RaspberryPiUARTExample ****
make -j12 all 
arm-none-eabi-gcc "../Core/Src/main.c" -mcpu=cortex-m4 -std=gnu11 -g3 -DDEBUG -DUSE_HAL_DRIVER -DSTM32F302x8 -c -I../Core/Inc -I../Drivers/STM32F3xx_HAL_Driver/Inc -I../Drivers/STM32F3xx_HAL_Driver/Inc/Legacy -I../Drivers/CMSIS/Device/ST/STM32F3xx/Include -I../Drivers/CMSIS/Include -O0 -ffunction-sections -fdata-sections -Wall -fstack-usage -fcyclomatic-complexity -MMD -MP -MF"Core/Src/main.d" -MT"Core/Src/main.o" --specs=nano.specs -mfpu=fpv4-sp-d16 -mfloat-abi=hard -mthumb -o "Core/Src/main.o"
../Core/Src/main.c: In function 'main':
../Core/Src/main.c:201:52: warning: pointer targets in passing argument 2 of 'HAL_UART_Transmit' differ in signedness [-Wpointer-sign]
  201 |                         HAL_UART_Transmit(&huart2, charbuf, strlen(charbuf), HAL_MAX_DELAY);
      |                                                    ^~~~~~~
      |                                                    |
      |                                                    char *
In file included from ../Core/Inc/stm32f3xx_hal_conf.h:327,
                 from ../Drivers/STM32F3xx_HAL_Driver/Inc/stm32f3xx_hal.h:29,
                 from ../Core/Inc/main.h:30,
                 from ../Core/Src/main.c:20:
../Drivers/STM32F3xx_HAL_Driver/Inc/stm32f3xx_hal_uart.h:1486:79: note: expected 'const uint8_t *' {aka 'const unsigned char *'} but argument is of type 'char *'
 1486 | HAL_StatusTypeDef HAL_UART_Transmit(UART_HandleTypeDef *huart, const uint8_t *pData, uint16_t Size, uint32_t Timeout);
      |                                                                ~~~~~~~~~~~~~~~^~~~~
../Core/Src/main.c:110:15: warning: unused variable 'f' [-Wunused-variable]
  110 |         float f = 4;
      |               ^
../Core/Src/main.c:109:17: warning: unused variable 'floatbuf' [-Wunused-variable]
  109 |         uint8_t floatbuf[4];
      |                 ^~~~~~~~
../Core/Src/main.c:108:17: warning: unused variable 'buf' [-Wunused-variable]
  108 |         uint8_t buf[50];
      |                 ^~~
../Core/Src/main.c:157:30: warning: 'prevTick' is used uninitialized [-Wuninitialized]
  157 |                 if (currtick - prevTick > 750) {
      |                     ~~~~~~~~~^~~~~~~~~~
../Core/Src/main.c:107:13: note: 'prevTick' was declared here
  107 |         int prevTick;
      |             ^~~~~~~~
arm-none-eabi-gcc -o "RaspberryPiUARTExample.elf" @"objects.list"   -mcpu=cortex-m4 -T"C:\Users\15149\Coding-Projects\Sunstang\VCU_STM32_2024\RaspberryPiUARTExample\STM32F302R8TX_FLASH.ld" --specs=nosys.specs -Wl,-Map="RaspberryPiUARTExample.map" -Wl,--gc-sections -static --specs=nano.specs -mfpu=fpv4-sp-d16 -mfloat-abi=hard -mthumb -Wl,--start-group -lc -lm -Wl,--end-group
Finished building target: RaspberryPiUARTExample.elf
 
arm-none-eabi-size  RaspberryPiUARTExample.elf 
arm-none-eabi-objdump -h -S RaspberryPiUARTExample.elf  > "RaspberryPiUARTExample.list"
   text	   data	    bss	    dec	    hex	filename
  13284	     92	   2108	  15484	   3c7c	RaspberryPiUARTExample.elf
Finished building: default.size.stdout
 
Finished building: RaspberryPiUARTExample.list
 
21:10:25 **** Incremental Build of configuration Debug for project RaspberryPiUARTExample ****
make -j12 all 
arm-none-eabi-gcc "../Core/Src/main.c" -mcpu=cortex-m4 -std=gnu11 -g3 -DDEBUG -DUSE_HAL_DRIVER -DSTM32F302x8 -c -I../Core/Inc -I../Drivers/STM32F3xx_HAL_Driver/Inc -I../Drivers/STM32F3xx_HAL_Driver/Inc/Legacy -I../Drivers/CMSIS/Device/ST/STM32F3xx/Include -I../Drivers/CMSIS/Include -O0 -ffunction-sections -fdata-sections -Wall -fstack-usage -fcyclomatic-complexity -MMD -MP -MF"Core/Src/main.d" -MT"Core/Src/main.o" --specs=nano.specs -mfpu=fpv4-sp-d16 -mfloat-abi=hard -mthumb -o "Core/Src/main.o"
../Core/Src/main.c: In function 'main':
../Core/Src/main.c:201:52: warning: pointer targets in passing argument 2 of 'HAL_UART_Transmit' differ in signedness [-Wpointer-sign]
  201 |                         HAL_UART_Transmit(&huart2, charbuf, strlen(charbuf), HAL_MAX_DELAY);
      |                                                    ^~~~~~~
      |                                                    |
      |                                                    char *
In file included from ../Core/Inc/stm32f3xx_hal_conf.h:327,
                 from ../Drivers/STM32F3xx_HAL_Driver/Inc/stm32f3xx_hal.h:29,
                 from ../Core/Inc/main.h:30,
                 from ../Core/Src/main.c:20:
../Drivers/STM32F3xx_HAL_Driver/Inc/stm32f3xx_hal_uart.h:1486:79: note: expected 'const uint8_t *' {aka 'const unsigned char *'} but argument is of type 'char *'
 1486 | HAL_StatusTypeDef HAL_UART_Transmit(UART_HandleTypeDef *huart, const uint8_t *pData, uint16_t Size, uint32_t Timeout);
      |                                                                ~~~~~~~~~~~~~~~^~~~~
../Core/Src/main.c:110:15: warning: unused variable 'f' [-Wunused-variable]
  110 |         float f = 4;
      |               ^
../Core/Src/main.c:109:17: warning: unused variable 'floatbuf' [-Wunused-variable]
  109 |         uint8_t floatbuf[4];
      |                 ^~~~~~~~
../Core/Src/main.c:108:17: warning: unused variable 'buf' [-Wunused-variable]
  108 |         uint8_t buf[50];
      |                 ^~~
../Core/Src/main.c:159:30: warning: 'prevTick' is used uninitialized [-Wuninitialized]
  159 |                 if (currtick - prevTick > 750) {
      |                     ~~~~~~~~~^~~~~~~~~~
../Core/Src/main.c:107:13: note: 'prevTick' was declared here
  107 |         int prevTick;
      |             ^~~~~~~~
arm-none-eabi-gcc -o "RaspberryPiUARTExample.elf" @"objects.list"   -mcpu=cortex-m4 -T"C:\Users\15149\Coding-Projects\Sunstang\VCU_STM32_2024\RaspberryPiUARTExample\STM32F302R8TX_FLASH.ld" --specs=nosys.specs -Wl,-Map="RaspberryPiUARTExample.map" -Wl,--gc-sections -static --specs=nano.specs -mfpu=fpv4-sp-d16 -mfloat-abi=hard -mthumb -Wl,--start-group -lc -lm -Wl,--end-group
Finished building target: RaspberryPiUARTExample.elf
 
arm-none-eabi-size  RaspberryPiUARTExample.elf 
arm-none-eabi-objdump -h -S RaspberryPiUARTExample.elf  > "RaspberryPiUARTExample.list"
   text	   data	    bss	    dec	    hex	filename
  13284	     92	   2108	  15484	   3c7c	RaspberryPiUARTExample.elf
Finished building: default.size.stdout
 
Finished building: RaspberryPiUARTExample.list
 
21:11:15 **** Incremental Build of configuration Debug for project RaspberryPiUARTExample ****
make -j12 all 
arm-none-eabi-gcc "../Core/Src/main.c" -mcpu=cortex-m4 -std=gnu11 -g3 -DDEBUG -DUSE_HAL_DRIVER -DSTM32F302x8 -c -I../Core/Inc -I../Drivers/STM32F3xx_HAL_Driver/Inc -I../Drivers/STM32F3xx_HAL_Driver/Inc/Legacy -I../Drivers/CMSIS/Device/ST/STM32F3xx/Include -I../Drivers/CMSIS/Include -O0 -ffunction-sections -fdata-sections -Wall -fstack-usage -fcyclomatic-complexity -MMD -MP -MF"Core/Src/main.d" -MT"Core/Src/main.o" --specs=nano.specs -mfpu=fpv4-sp-d16 -mfloat-abi=hard -mthumb -o "Core/Src/main.o"
../Core/Src/main.c: In function 'main':
../Core/Src/main.c:202:52: warning: pointer targets in passing argument 2 of 'HAL_UART_Transmit' differ in signedness [-Wpointer-sign]
  202 |                         HAL_UART_Transmit(&huart2, charbuf, strlen(charbuf), HAL_MAX_DELAY);
      |                                                    ^~~~~~~
      |                                                    |
      |                                                    char *
In file included from ../Core/Inc/stm32f3xx_hal_conf.h:327,
                 from ../Drivers/STM32F3xx_HAL_Driver/Inc/stm32f3xx_hal.h:29,
                 from ../Core/Inc/main.h:30,
                 from ../Core/Src/main.c:20:
../Drivers/STM32F3xx_HAL_Driver/Inc/stm32f3xx_hal_uart.h:1486:79: note: expected 'const uint8_t *' {aka 'const unsigned char *'} but argument is of type 'char *'
 1486 | HAL_StatusTypeDef HAL_UART_Transmit(UART_HandleTypeDef *huart, const uint8_t *pData, uint16_t Size, uint32_t Timeout);
      |                                                                ~~~~~~~~~~~~~~~^~~~~
../Core/Src/main.c:110:15: warning: unused variable 'f' [-Wunused-variable]
  110 |         float f = 4;
      |               ^
../Core/Src/main.c:109:17: warning: unused variable 'floatbuf' [-Wunused-variable]
  109 |         uint8_t floatbuf[4];
      |                 ^~~~~~~~
../Core/Src/main.c:108:17: warning: unused variable 'buf' [-Wunused-variable]
  108 |         uint8_t buf[50];
      |                 ^~~
../Core/Src/main.c:159:30: warning: 'prevTick' is used uninitialized [-Wuninitialized]
  159 |                 if (currtick - prevTick > 750) {
      |                     ~~~~~~~~~^~~~~~~~~~
../Core/Src/main.c:107:13: note: 'prevTick' was declared here
  107 |         int prevTick;
      |             ^~~~~~~~
arm-none-eabi-gcc -o "RaspberryPiUARTExample.elf" @"objects.list"   -mcpu=cortex-m4 -T"C:\Users\15149\Coding-Projects\Sunstang\VCU_STM32_2024\RaspberryPiUARTExample\STM32F302R8TX_FLASH.ld" --specs=nosys.specs -Wl,-Map="RaspberryPiUARTExample.map" -Wl,--gc-sections -static --specs=nano.specs -mfpu=fpv4-sp-d16 -mfloat-abi=hard -mthumb -Wl,--start-group -lc -lm -Wl,--end-group
Finished building target: RaspberryPiUARTExample.elf
 
arm-none-eabi-size  RaspberryPiUARTExample.elf 
arm-none-eabi-objdump -h -S RaspberryPiUARTExample.elf  > "RaspberryPiUARTExample.list"
   text	   data	    bss	    dec	    hex	filename
  13348	     92	   2108	  15548	   3cbc	RaspberryPiUARTExample.elf
Finished building: default.size.stdout
 
Finished building: RaspberryPiUARTExample.list
 
21:12:13 **** Incremental Build of configuration Debug for project RaspberryPiUARTExample ****
make -j12 all 
arm-none-eabi-gcc "../Core/Src/main.c" -mcpu=cortex-m4 -std=gnu11 -g3 -DDEBUG -DUSE_HAL_DRIVER -DSTM32F302x8 -c -I../Core/Inc -I../Drivers/STM32F3xx_HAL_Driver/Inc -I../Drivers/STM32F3xx_HAL_Driver/Inc/Legacy -I../Drivers/CMSIS/Device/ST/STM32F3xx/Include -I../Drivers/CMSIS/Include -O0 -ffunction-sections -fdata-sections -Wall -fstack-usage -fcyclomatic-complexity -MMD -MP -MF"Core/Src/main.d" -MT"Core/Src/main.o" --specs=nano.specs -mfpu=fpv4-sp-d16 -mfloat-abi=hard -mthumb -o "Core/Src/main.o"
../Core/Src/main.c: In function 'main':
../Core/Src/main.c:202:52: warning: pointer targets in passing argument 2 of 'HAL_UART_Transmit' differ in signedness [-Wpointer-sign]
  202 |                         HAL_UART_Transmit(&huart2, charbuf, strlen(charbuf), 1000);
      |                                                    ^~~~~~~
      |                                                    |
      |                                                    char *
In file included from ../Core/Inc/stm32f3xx_hal_conf.h:327,
                 from ../Drivers/STM32F3xx_HAL_Driver/Inc/stm32f3xx_hal.h:29,
                 from ../Core/Inc/main.h:30,
                 from ../Core/Src/main.c:20:
../Drivers/STM32F3xx_HAL_Driver/Inc/stm32f3xx_hal_uart.h:1486:79: note: expected 'const uint8_t *' {aka 'const unsigned char *'} but argument is of type 'char *'
 1486 | HAL_StatusTypeDef HAL_UART_Transmit(UART_HandleTypeDef *huart, const uint8_t *pData, uint16_t Size, uint32_t Timeout);
      |                                                                ~~~~~~~~~~~~~~~^~~~~
../Core/Src/main.c:143:13: warning: unused variable 'i' [-Wunused-variable]
  143 |         int i = 3;
      |             ^
../Core/Src/main.c:110:15: warning: unused variable 'f' [-Wunused-variable]
  110 |         float f = 4;
      |               ^
../Core/Src/main.c:109:17: warning: unused variable 'floatbuf' [-Wunused-variable]
  109 |         uint8_t floatbuf[4];
      |                 ^~~~~~~~
../Core/Src/main.c:108:17: warning: unused variable 'buf' [-Wunused-variable]
  108 |         uint8_t buf[50];
      |                 ^~~
../Core/Src/main.c:159:30: warning: 'prevTick' is used uninitialized [-Wuninitialized]
  159 |                 if (currtick - prevTick > 750) {
      |                     ~~~~~~~~~^~~~~~~~~~
../Core/Src/main.c:107:13: note: 'prevTick' was declared here
  107 |         int prevTick;
      |             ^~~~~~~~
arm-none-eabi-gcc -o "RaspberryPiUARTExample.elf" @"objects.list"   -mcpu=cortex-m4 -T"C:\Users\15149\Coding-Projects\Sunstang\VCU_STM32_2024\RaspberryPiUARTExample\STM32F302R8TX_FLASH.ld" --specs=nosys.specs -Wl,-Map="RaspberryPiUARTExample.map" -Wl,--gc-sections -static --specs=nano.specs -mfpu=fpv4-sp-d16 -mfloat-abi=hard -mthumb -Wl,--start-group -lc -lm -Wl,--end-group
Finished building target: RaspberryPiUARTExample.elf
 
arm-none-eabi-size  RaspberryPiUARTExample.elf 
arm-none-eabi-objdump -h -S RaspberryPiUARTExample.elf  > "RaspberryPiUARTExample.list"
   text	   data	    bss	    dec	    hex	filename
  10708	     12	   1772	  12492	   30cc	RaspberryPiUARTExample.elf
Finished building: default.size.stdout
 
Finished building: RaspberryPiUARTExample.list
 
21:13:01 **** Incremental Build of configuration Debug for project RaspberryPiUARTExample ****
make -j12 all 
arm-none-eabi-gcc "../Core/Src/main.c" -mcpu=cortex-m4 -std=gnu11 -g3 -DDEBUG -DUSE_HAL_DRIVER -DSTM32F302x8 -c -I../Core/Inc -I../Drivers/STM32F3xx_HAL_Driver/Inc -I../Drivers/STM32F3xx_HAL_Driver/Inc/Legacy -I../Drivers/CMSIS/Device/ST/STM32F3xx/Include -I../Drivers/CMSIS/Include -O0 -ffunction-sections -fdata-sections -Wall -fstack-usage -fcyclomatic-complexity -MMD -MP -MF"Core/Src/main.d" -MT"Core/Src/main.o" --specs=nano.specs -mfpu=fpv4-sp-d16 -mfloat-abi=hard -mthumb -o "Core/Src/main.o"
../Core/Src/main.c: In function 'main':
../Core/Src/main.c:202:52: warning: pointer targets in passing argument 2 of 'HAL_UART_Transmit' differ in signedness [-Wpointer-sign]
  202 |                         HAL_UART_Transmit(&huart2, charbuf, strlen(charbuf), 1000);
      |                                                    ^~~~~~~
      |                                                    |
      |                                                    char *
In file included from ../Core/Inc/stm32f3xx_hal_conf.h:327,
                 from ../Drivers/STM32F3xx_HAL_Driver/Inc/stm32f3xx_hal.h:29,
                 from ../Core/Inc/main.h:30,
                 from ../Core/Src/main.c:20:
../Drivers/STM32F3xx_HAL_Driver/Inc/stm32f3xx_hal_uart.h:1486:79: note: expected 'const uint8_t *' {aka 'const unsigned char *'} but argument is of type 'char *'
 1486 | HAL_StatusTypeDef HAL_UART_Transmit(UART_HandleTypeDef *huart, const uint8_t *pData, uint16_t Size, uint32_t Timeout);
      |                                                                ~~~~~~~~~~~~~~~^~~~~
../Core/Src/main.c:110:15: warning: unused variable 'f' [-Wunused-variable]
  110 |         float f = 4;
      |               ^
../Core/Src/main.c:109:17: warning: unused variable 'floatbuf' [-Wunused-variable]
  109 |         uint8_t floatbuf[4];
      |                 ^~~~~~~~
../Core/Src/main.c:108:17: warning: unused variable 'buf' [-Wunused-variable]
  108 |         uint8_t buf[50];
      |                 ^~~
../Core/Src/main.c:159:30: warning: 'prevTick' is used uninitialized [-Wuninitialized]
  159 |                 if (currtick - prevTick > 750) {
      |                     ~~~~~~~~~^~~~~~~~~~
../Core/Src/main.c:107:13: note: 'prevTick' was declared here
  107 |         int prevTick;
      |             ^~~~~~~~
arm-none-eabi-gcc -o "RaspberryPiUARTExample.elf" @"objects.list"   -mcpu=cortex-m4 -T"C:\Users\15149\Coding-Projects\Sunstang\VCU_STM32_2024\RaspberryPiUARTExample\STM32F302R8TX_FLASH.ld" --specs=nosys.specs -Wl,-Map="RaspberryPiUARTExample.map" -Wl,--gc-sections -static --specs=nano.specs -mfpu=fpv4-sp-d16 -mfloat-abi=hard -mthumb -Wl,--start-group -lc -lm -Wl,--end-group
Finished building target: RaspberryPiUARTExample.elf
 
arm-none-eabi-size  RaspberryPiUARTExample.elf 
arm-none-eabi-objdump -h -S RaspberryPiUARTExample.elf  > "RaspberryPiUARTExample.list"
   text	   data	    bss	    dec	    hex	filename
  13348	     92	   2108	  15548	   3cbc	RaspberryPiUARTExample.elf
Finished building: default.size.stdout
 
Finished building: RaspberryPiUARTExample.list
 
21:13:31 **** Incremental Build of configuration Debug for project RaspberryPiUARTExample ****
make -j12 all 
arm-none-eabi-gcc "../Core/Src/main.c" -mcpu=cortex-m4 -std=gnu11 -g3 -DDEBUG -DUSE_HAL_DRIVER -DSTM32F302x8 -c -I../Core/Inc -I../Drivers/STM32F3xx_HAL_Driver/Inc -I../Drivers/STM32F3xx_HAL_Driver/Inc/Legacy -I../Drivers/CMSIS/Device/ST/STM32F3xx/Include -I../Drivers/CMSIS/Include -O0 -ffunction-sections -fdata-sections -Wall -fstack-usage -fcyclomatic-complexity -MMD -MP -MF"Core/Src/main.d" -MT"Core/Src/main.o" --specs=nano.specs -mfpu=fpv4-sp-d16 -mfloat-abi=hard -mthumb -o "Core/Src/main.o"
../Core/Src/main.c: In function 'main':
../Core/Src/main.c:144:14: warning: unused variable 'charbuf' [-Wunused-variable]
  144 |         char charbuf[64];
      |              ^~~~~~~
../Core/Src/main.c:143:13: warning: unused variable 'i' [-Wunused-variable]
  143 |         int i = 3;
      |             ^
../Core/Src/main.c:110:15: warning: unused variable 'f' [-Wunused-variable]
  110 |         float f = 4;
      |               ^
../Core/Src/main.c:109:17: warning: unused variable 'floatbuf' [-Wunused-variable]
  109 |         uint8_t floatbuf[4];
      |                 ^~~~~~~~
../Core/Src/main.c:108:17: warning: unused variable 'buf' [-Wunused-variable]
  108 |         uint8_t buf[50];
      |                 ^~~
../Core/Src/main.c:159:30: warning: 'prevTick' is used uninitialized [-Wuninitialized]
  159 |                 if (currtick - prevTick > 750) {
      |                     ~~~~~~~~~^~~~~~~~~~
../Core/Src/main.c:107:13: note: 'prevTick' was declared here
  107 |         int prevTick;
      |             ^~~~~~~~
arm-none-eabi-gcc -o "RaspberryPiUARTExample.elf" @"objects.list"   -mcpu=cortex-m4 -T"C:\Users\15149\Coding-Projects\Sunstang\VCU_STM32_2024\RaspberryPiUARTExample\STM32F302R8TX_FLASH.ld" --specs=nosys.specs -Wl,-Map="RaspberryPiUARTExample.map" -Wl,--gc-sections -static --specs=nano.specs -mfpu=fpv4-sp-d16 -mfloat-abi=hard -mthumb -Wl,--start-group -lc -lm -Wl,--end-group
Finished building target: RaspberryPiUARTExample.elf
 
arm-none-eabi-size  RaspberryPiUARTExample.elf 
arm-none-eabi-objdump -h -S RaspberryPiUARTExample.elf  > "RaspberryPiUARTExample.list"
   text	   data	    bss	    dec	    hex	filename
  10380	     12	   1772	  12164	   2f84	RaspberryPiUARTExample.elf
Finished building: default.size.stdout
 
Finished building: RaspberryPiUARTExample.list
 
21:14:06 **** Incremental Build of configuration Debug for project RaspberryPiUARTExample ****
make -j12 all 
arm-none-eabi-gcc "../Core/Src/main.c" -mcpu=cortex-m4 -std=gnu11 -g3 -DDEBUG -DUSE_HAL_DRIVER -DSTM32F302x8 -c -I../Core/Inc -I../Drivers/STM32F3xx_HAL_Driver/Inc -I../Drivers/STM32F3xx_HAL_Driver/Inc/Legacy -I../Drivers/CMSIS/Device/ST/STM32F3xx/Include -I../Drivers/CMSIS/Include -O0 -ffunction-sections -fdata-sections -Wall -fstack-usage -fcyclomatic-complexity -MMD -MP -MF"Core/Src/main.d" -MT"Core/Src/main.o" --specs=nano.specs -mfpu=fpv4-sp-d16 -mfloat-abi=hard -mthumb -o "Core/Src/main.o"
../Core/Src/main.c: In function 'main':
../Core/Src/main.c:144:14: warning: unused variable 'charbuf' [-Wunused-variable]
  144 |         char charbuf[64];
      |              ^~~~~~~
../Core/Src/main.c:143:13: warning: unused variable 'i' [-Wunused-variable]
  143 |         int i = 3;
      |             ^
../Core/Src/main.c:110:15: warning: unused variable 'f' [-Wunused-variable]
  110 |         float f = 4;
      |               ^
../Core/Src/main.c:109:17: warning: unused variable 'floatbuf' [-Wunused-variable]
  109 |         uint8_t floatbuf[4];
      |                 ^~~~~~~~
../Core/Src/main.c:108:17: warning: unused variable 'buf' [-Wunused-variable]
  108 |         uint8_t buf[50];
      |                 ^~~
../Core/Src/main.c:159:30: warning: 'prevTick' is used uninitialized [-Wuninitialized]
  159 |                 if (currtick - prevTick > 750) {
      |                     ~~~~~~~~~^~~~~~~~~~
../Core/Src/main.c:107:13: note: 'prevTick' was declared here
  107 |         int prevTick;
      |             ^~~~~~~~
arm-none-eabi-gcc -o "RaspberryPiUARTExample.elf" @"objects.list"   -mcpu=cortex-m4 -T"C:\Users\15149\Coding-Projects\Sunstang\VCU_STM32_2024\RaspberryPiUARTExample\STM32F302R8TX_FLASH.ld" --specs=nosys.specs -Wl,-Map="RaspberryPiUARTExample.map" -Wl,--gc-sections -static --specs=nano.specs -mfpu=fpv4-sp-d16 -mfloat-abi=hard -mthumb -Wl,--start-group -lc -lm -Wl,--end-group
Finished building target: RaspberryPiUARTExample.elf
 
arm-none-eabi-size  RaspberryPiUARTExample.elf 
arm-none-eabi-objdump -h -S RaspberryPiUARTExample.elf  > "RaspberryPiUARTExample.list"
   text	   data	    bss	    dec	    hex	filename
  10384	     12	   1772	  12168	   2f88	RaspberryPiUARTExample.elf
Finished building: default.size.stdout
 
Finished building: RaspberryPiUARTExample.list
 
21:15:39 **** Incremental Build of configuration Debug for project RaspberryPiUARTExample ****
make -j12 all 
arm-none-eabi-gcc "../Core/Src/main.c" -mcpu=cortex-m4 -std=gnu11 -g3 -DDEBUG -DUSE_HAL_DRIVER -DSTM32F302x8 -c -I../Core/Inc -I../Drivers/STM32F3xx_HAL_Driver/Inc -I../Drivers/STM32F3xx_HAL_Driver/Inc/Legacy -I../Drivers/CMSIS/Device/ST/STM32F3xx/Include -I../Drivers/CMSIS/Include -O0 -ffunction-sections -fdata-sections -Wall -fstack-usage -fcyclomatic-complexity -MMD -MP -MF"Core/Src/main.d" -MT"Core/Src/main.o" --specs=nano.specs -mfpu=fpv4-sp-d16 -mfloat-abi=hard -mthumb -o "Core/Src/main.o"
../Core/Src/main.c: In function 'printmsg':
../Core/Src/main.c:151:13: warning: implicit declaration of function 'va_start' [-Wimplicit-function-declaration]
  151 |             va_start(args, format);
      |             ^~~~~~~~
../Core/Src/main.c:154:13: warning: implicit declaration of function 'va_end' [-Wimplicit-function-declaration]
  154 |             va_end(args);
      |             ^~~~~~
../Core/Src/main.c: In function 'main':
../Core/Src/main.c:144:14: warning: unused variable 'charbuf' [-Wunused-variable]
  144 |         char charbuf[64];
      |              ^~~~~~~
../Core/Src/main.c:143:13: warning: unused variable 'i' [-Wunused-variable]
  143 |         int i = 3;
      |             ^
../Core/Src/main.c:110:15: warning: unused variable 'f' [-Wunused-variable]
  110 |         float f = 4;
      |               ^
../Core/Src/main.c:109:17: warning: unused variable 'floatbuf' [-Wunused-variable]
  109 |         uint8_t floatbuf[4];
      |                 ^~~~~~~~
../Core/Src/main.c:108:17: warning: unused variable 'buf' [-Wunused-variable]
  108 |         uint8_t buf[50];
      |                 ^~~
../Core/Src/main.c:170:30: warning: 'prevTick' is used uninitialized [-Wuninitialized]
  170 |                 if (currtick - prevTick > 750) {
      |                     ~~~~~~~~~^~~~~~~~~~
../Core/Src/main.c:107:13: note: 'prevTick' was declared here
  107 |         int prevTick;
      |             ^~~~~~~~
arm-none-eabi-gcc -o "RaspberryPiUARTExample.elf" @"objects.list"   -mcpu=cortex-m4 -T"C:\Users\15149\Coding-Projects\Sunstang\VCU_STM32_2024\RaspberryPiUARTExample\STM32F302R8TX_FLASH.ld" --specs=nosys.specs -Wl,-Map="RaspberryPiUARTExample.map" -Wl,--gc-sections -static --specs=nano.specs -mfpu=fpv4-sp-d16 -mfloat-abi=hard -mthumb -Wl,--start-group -lc -lm -Wl,--end-group
C:/ST/STM32CubeIDE_1.16.0/STM32CubeIDE/plugins/com.st.stm32cube.ide.mcu.externaltools.gnu-tools-for-stm32.12.3.rel1.win32_1.0.200.202406191623/tools/bin/../lib/gcc/arm-none-eabi/12.3.1/../../../../arm-none-eabi/bin/ld.exe: ./Core/Src/main.o: in function `printmsg':
C:/Users/15149/Coding-Projects/Sunstang/VCU_STM32_2024/RaspberryPiUARTExample/Debug/../Core/Src/main.c:151: undefined reference to `va_start'
C:/ST/STM32CubeIDE_1.16.0/STM32CubeIDE/plugins/com.st.stm32cube.ide.mcu.externaltools.gnu-tools-for-stm32.12.3.rel1.win32_1.0.200.202406191623/tools/bin/../lib/gcc/arm-none-eabi/12.3.1/../../../../arm-none-eabi/bin/ld.exe: C:/Users/15149/Coding-Projects/Sunstang/VCU_STM32_2024/RaspberryPiUARTExample/Debug/../Core/Src/main.c:154: undefined reference to `va_end'
collect2.exe: error: ld returned 1 exit status
make: *** [makefile:64: RaspberryPiUARTExample.elf] Error 1
"make -j12 all" terminated with exit code 2. Build might be incomplete.
21:16:09 **** Incremental Build of configuration Debug for project RaspberryPiUARTExample ****
make -j12 all 
arm-none-eabi-gcc "../Core/Src/main.c" -mcpu=cortex-m4 -std=gnu11 -g3 -DDEBUG -DUSE_HAL_DRIVER -DSTM32F302x8 -c -I../Core/Inc -I../Drivers/STM32F3xx_HAL_Driver/Inc -I../Drivers/STM32F3xx_HAL_Driver/Inc/Legacy -I../Drivers/CMSIS/Device/ST/STM32F3xx/Include -I../Drivers/CMSIS/Include -O0 -ffunction-sections -fdata-sections -Wall -fstack-usage -fcyclomatic-complexity -MMD -MP -MF"Core/Src/main.d" -MT"Core/Src/main.o" --specs=nano.specs -mfpu=fpv4-sp-d16 -mfloat-abi=hard -mthumb -o "Core/Src/main.o"
../Core/Src/main.c: In function 'main':
../Core/Src/main.c:146:14: warning: unused variable 'charbuf' [-Wunused-variable]
  146 |         char charbuf[64];
      |              ^~~~~~~
../Core/Src/main.c:145:13: warning: unused variable 'i' [-Wunused-variable]
  145 |         int i = 3;
      |             ^
../Core/Src/main.c:112:15: warning: unused variable 'f' [-Wunused-variable]
  112 |         float f = 4;
      |               ^
../Core/Src/main.c:111:17: warning: unused variable 'floatbuf' [-Wunused-variable]
  111 |         uint8_t floatbuf[4];
      |                 ^~~~~~~~
../Core/Src/main.c:110:17: warning: unused variable 'buf' [-Wunused-variable]
  110 |         uint8_t buf[50];
      |                 ^~~
../Core/Src/main.c:172:30: warning: 'prevTick' is used uninitialized [-Wuninitialized]
  172 |                 if (currtick - prevTick > 750) {
      |                     ~~~~~~~~~^~~~~~~~~~
../Core/Src/main.c:109:13: note: 'prevTick' was declared here
  109 |         int prevTick;
      |             ^~~~~~~~
arm-none-eabi-gcc -o "RaspberryPiUARTExample.elf" @"objects.list"   -mcpu=cortex-m4 -T"C:\Users\15149\Coding-Projects\Sunstang\VCU_STM32_2024\RaspberryPiUARTExample\STM32F302R8TX_FLASH.ld" --specs=nosys.specs -Wl,-Map="RaspberryPiUARTExample.map" -Wl,--gc-sections -static --specs=nano.specs -mfpu=fpv4-sp-d16 -mfloat-abi=hard -mthumb -Wl,--start-group -lc -lm -Wl,--end-group
Finished building target: RaspberryPiUARTExample.elf
 
arm-none-eabi-size  RaspberryPiUARTExample.elf 
arm-none-eabi-objdump -h -S RaspberryPiUARTExample.elf  > "RaspberryPiUARTExample.list"
   text	   data	    bss	    dec	    hex	filename
  13408	     92	   2108	  15608	   3cf8	RaspberryPiUARTExample.elf
Finished building: default.size.stdout
 
Finished building: RaspberryPiUARTExample.list
 
21:16:51 **** Incremental Build of configuration Debug for project RaspberryPiUARTExample ****
make -j12 all 
arm-none-eabi-gcc "../Core/Src/main.c" -mcpu=cortex-m4 -std=gnu11 -g3 -DDEBUG -DUSE_HAL_DRIVER -DSTM32F302x8 -c -I../Core/Inc -I../Drivers/STM32F3xx_HAL_Driver/Inc -I../Drivers/STM32F3xx_HAL_Driver/Inc/Legacy -I../Drivers/CMSIS/Device/ST/STM32F3xx/Include -I../Drivers/CMSIS/Include -O0 -ffunction-sections -fdata-sections -Wall -fstack-usage -fcyclomatic-complexity -MMD -MP -MF"Core/Src/main.d" -MT"Core/Src/main.o" --specs=nano.specs -mfpu=fpv4-sp-d16 -mfloat-abi=hard -mthumb -o "Core/Src/main.o"
../Core/Src/main.c: In function 'main':
../Core/Src/main.c:146:14: warning: unused variable 'charbuf' [-Wunused-variable]
  146 |         char charbuf[64];
      |              ^~~~~~~
../Core/Src/main.c:145:13: warning: unused variable 'i' [-Wunused-variable]
  145 |         int i = 3;
      |             ^
../Core/Src/main.c:112:15: warning: unused variable 'f' [-Wunused-variable]
  112 |         float f = 4;
      |               ^
../Core/Src/main.c:111:17: warning: unused variable 'floatbuf' [-Wunused-variable]
  111 |         uint8_t floatbuf[4];
      |                 ^~~~~~~~
../Core/Src/main.c:110:17: warning: unused variable 'buf' [-Wunused-variable]
  110 |         uint8_t buf[50];
      |                 ^~~
../Core/Src/main.c:172:30: warning: 'prevTick' is used uninitialized [-Wuninitialized]
  172 |                 if (currtick - prevTick > 750) {
      |                     ~~~~~~~~~^~~~~~~~~~
../Core/Src/main.c:109:13: note: 'prevTick' was declared here
  109 |         int prevTick;
      |             ^~~~~~~~
arm-none-eabi-gcc -o "RaspberryPiUARTExample.elf" @"objects.list"   -mcpu=cortex-m4 -T"C:\Users\15149\Coding-Projects\Sunstang\VCU_STM32_2024\RaspberryPiUARTExample\STM32F302R8TX_FLASH.ld" --specs=nosys.specs -Wl,-Map="RaspberryPiUARTExample.map" -Wl,--gc-sections -static --specs=nano.specs -mfpu=fpv4-sp-d16 -mfloat-abi=hard -mthumb -Wl,--start-group -lc -lm -Wl,--end-group
Finished building target: RaspberryPiUARTExample.elf
 
arm-none-eabi-size  RaspberryPiUARTExample.elf 
arm-none-eabi-objdump -h -S RaspberryPiUARTExample.elf  > "RaspberryPiUARTExample.list"
   text	   data	    bss	    dec	    hex	filename
  13412	     92	   2108	  15612	   3cfc	RaspberryPiUARTExample.elf
Finished building: default.size.stdout
 
Finished building: RaspberryPiUARTExample.list
 
21:26:19 **** Incremental Build of configuration Debug for project RaspberryPiUARTExample ****
make -j12 all 
arm-none-eabi-gcc "../Core/Src/main.c" -mcpu=cortex-m4 -std=gnu11 -g3 -DDEBUG -DUSE_HAL_DRIVER -DSTM32F302x8 -c -I../Core/Inc -I../Drivers/STM32F3xx_HAL_Driver/Inc -I../Drivers/STM32F3xx_HAL_Driver/Inc/Legacy -I../Drivers/CMSIS/Device/ST/STM32F3xx/Include -I../Drivers/CMSIS/Include -O0 -ffunction-sections -fdata-sections -Wall -fstack-usage -fcyclomatic-complexity -MMD -MP -MF"Core/Src/main.d" -MT"Core/Src/main.o" --specs=nano.specs -mfpu=fpv4-sp-d16 -mfloat-abi=hard -mthumb -o "Core/Src/main.o"
../Core/Src/main.c: In function 'main':
../Core/Src/main.c:146:14: warning: unused variable 'charbuf' [-Wunused-variable]
  146 |         char charbuf[64];
      |              ^~~~~~~
../Core/Src/main.c:145:13: warning: unused variable 'i' [-Wunused-variable]
  145 |         int i = 3;
      |             ^
../Core/Src/main.c:112:15: warning: unused variable 'f' [-Wunused-variable]
  112 |         float f = 4;
      |               ^
../Core/Src/main.c:111:17: warning: unused variable 'floatbuf' [-Wunused-variable]
  111 |         uint8_t floatbuf[4];
      |                 ^~~~~~~~
../Core/Src/main.c: At top level:
../Core/Src/main.c:148:14: warning: 'printmsg' defined but not used [-Wunused-function]
  148 |         void printmsg(char *format,...) {
      |              ^~~~~~~~
../Core/Src/main.c: In function 'main':
../Core/Src/main.c:172:30: warning: 'prevTick' is used uninitialized [-Wuninitialized]
  172 |                 if (currtick - prevTick > 750) {
      |                     ~~~~~~~~~^~~~~~~~~~
../Core/Src/main.c:109:13: note: 'prevTick' was declared here
  109 |         int prevTick;
      |             ^~~~~~~~
arm-none-eabi-gcc -o "RaspberryPiUARTExample.elf" @"objects.list"   -mcpu=cortex-m4 -T"C:\Users\15149\Coding-Projects\Sunstang\VCU_STM32_2024\RaspberryPiUARTExample\STM32F302R8TX_FLASH.ld" --specs=nosys.specs -Wl,-Map="RaspberryPiUARTExample.map" -Wl,--gc-sections -static --specs=nano.specs -mfpu=fpv4-sp-d16 -mfloat-abi=hard -mthumb -Wl,--start-group -lc -lm -Wl,--end-group
Finished building target: RaspberryPiUARTExample.elf
 
arm-none-eabi-size  RaspberryPiUARTExample.elf 
arm-none-eabi-objdump -h -S RaspberryPiUARTExample.elf  > "RaspberryPiUARTExample.list"
   text	   data	    bss	    dec	    hex	filename
  12244	     12	   1772	  14028	   36cc	RaspberryPiUARTExample.elf
Finished building: default.size.stdout
 
Finished building: RaspberryPiUARTExample.list
 
21:29:21 **** Incremental Build of configuration Debug for project RaspberryPiUARTExample ****
make -j12 all 
arm-none-eabi-gcc "../Core/Src/main.c" -mcpu=cortex-m4 -std=gnu11 -g3 -DDEBUG -DUSE_HAL_DRIVER -DSTM32F302x8 -c -I../Core/Inc -I../Drivers/STM32F3xx_HAL_Driver/Inc -I../Drivers/STM32F3xx_HAL_Driver/Inc/Legacy -I../Drivers/CMSIS/Device/ST/STM32F3xx/Include -I../Drivers/CMSIS/Include -O0 -ffunction-sections -fdata-sections -Wall -fstack-usage -fcyclomatic-complexity -MMD -MP -MF"Core/Src/main.d" -MT"Core/Src/main.o" --specs=nano.specs -mfpu=fpv4-sp-d16 -mfloat-abi=hard -mthumb -o "Core/Src/main.o"
../Core/Src/main.c: In function 'main':
../Core/Src/main.c:146:14: warning: unused variable 'charbuf' [-Wunused-variable]
  146 |         char charbuf[64];
      |              ^~~~~~~
../Core/Src/main.c:145:13: warning: unused variable 'i' [-Wunused-variable]
  145 |         int i = 3;
      |             ^
../Core/Src/main.c:112:15: warning: unused variable 'f' [-Wunused-variable]
  112 |         float f = 4;
      |               ^
../Core/Src/main.c:111:17: warning: unused variable 'floatbuf' [-Wunused-variable]
  111 |         uint8_t floatbuf[4];
      |                 ^~~~~~~~
../Core/Src/main.c:172:30: warning: 'prevTick' is used uninitialized [-Wuninitialized]
  172 |                 if (currtick - prevTick > 750) {
      |                     ~~~~~~~~~^~~~~~~~~~
../Core/Src/main.c:109:13: note: 'prevTick' was declared here
  109 |         int prevTick;
      |             ^~~~~~~~
arm-none-eabi-gcc -o "RaspberryPiUARTExample.elf" @"objects.list"   -mcpu=cortex-m4 -T"C:\Users\15149\Coding-Projects\Sunstang\VCU_STM32_2024\RaspberryPiUARTExample\STM32F302R8TX_FLASH.ld" --specs=nosys.specs -Wl,-Map="RaspberryPiUARTExample.map" -Wl,--gc-sections -static --specs=nano.specs -mfpu=fpv4-sp-d16 -mfloat-abi=hard -mthumb -Wl,--start-group -lc -lm -Wl,--end-group
Finished building target: RaspberryPiUARTExample.elf
 
arm-none-eabi-size  RaspberryPiUARTExample.elf 
arm-none-eabi-objdump -h -S RaspberryPiUARTExample.elf  > "RaspberryPiUARTExample.list"
   text	   data	    bss	    dec	    hex	filename
  15272	     92	   2108	  17472	   4440	RaspberryPiUARTExample.elf
Finished building: default.size.stdout
 
Finished building: RaspberryPiUARTExample.list
 
19:23:06 **** Incremental Build of configuration Debug for project RaspberryPiUARTExample ****
make -j12 all 
arm-none-eabi-gcc "../Core/Src/main.c" -mcpu=cortex-m4 -std=gnu11 -g3 -DDEBUG -DUSE_HAL_DRIVER -DSTM32F302x8 -c -I../Core/Inc -I../Drivers/STM32F3xx_HAL_Driver/Inc -I../Drivers/STM32F3xx_HAL_Driver/Inc/Legacy -I../Drivers/CMSIS/Device/ST/STM32F3xx/Include -I../Drivers/CMSIS/Include -O0 -ffunction-sections -fdata-sections -Wall -fstack-usage -fcyclomatic-complexity -MMD -MP -MF"Core/Src/main.d" -MT"Core/Src/main.o" --specs=nano.specs -mfpu=fpv4-sp-d16 -mfloat-abi=hard -mthumb -o "Core/Src/main.o"
../Core/Src/main.c: In function 'main':
../Core/Src/main.c:176:25: error: 'AvgVelocity' undeclared (first use in this function)
  176 |                         AvgVelocity.f = (VehicleVelocityMC1.f + VehicleVelocityMC2.f) / 2;
      |                         ^~~~~~~~~~~
../Core/Src/main.c:176:25: note: each undeclared identifier is reported only once for each function it appears in
../Core/Src/main.c:176:42: error: 'VehicleVelocityMC1' undeclared (first use in this function); did you mean 'VehicleVelocity'?
  176 |                         AvgVelocity.f = (VehicleVelocityMC1.f + VehicleVelocityMC2.f) / 2;
      |                                          ^~~~~~~~~~~~~~~~~~
      |                                          VehicleVelocity
../Core/Src/main.c:176:65: error: 'VehicleVelocityMC2' undeclared (first use in this function); did you mean 'VehicleVelocity'?
  176 |                         AvgVelocity.f = (VehicleVelocityMC1.f + VehicleVelocityMC2.f) / 2;
      |                                                                 ^~~~~~~~~~~~~~~~~~
      |                                                                 VehicleVelocity
../Core/Src/main.c:183:31: error: redefinition of 'BMS_PackTemp_f'
  183 |                         float BMS_PackTemp_f = (float) BMS_PackTemp.i;
      |                               ^~~~~~~~~~~~~~
../Core/Src/main.c:173:31: note: previous definition of 'BMS_PackTemp_f' with type 'float'
  173 |                         float BMS_PackTemp_f = (float) BMS_PackTemp.i;
      |                               ^~~~~~~~~~~~~~
../Core/Src/main.c:146:14: warning: unused variable 'charbuf' [-Wunused-variable]
  146 |         char charbuf[64];
      |              ^~~~~~~
../Core/Src/main.c:145:13: warning: unused variable 'i' [-Wunused-variable]
  145 |         int i = 3;
      |             ^
../Core/Src/main.c:112:15: warning: unused variable 'f' [-Wunused-variable]
  112 |         float f = 4;
      |               ^
../Core/Src/main.c:111:17: warning: unused variable 'floatbuf' [-Wunused-variable]
  111 |         uint8_t floatbuf[4];
      |                 ^~~~~~~~
make: *** [Core/Src/subdir.mk:34: Core/Src/main.o] Error 1
"make -j12 all" terminated with exit code 2. Build might be incomplete.
19:23:49 **** Incremental Build of configuration Debug for project RaspberryPiUARTExample ****
make -j12 all 
arm-none-eabi-gcc "../Core/Src/main.c" -mcpu=cortex-m4 -std=gnu11 -g3 -DDEBUG -DUSE_HAL_DRIVER -DSTM32F302x8 -c -I../Core/Inc -I../Drivers/STM32F3xx_HAL_Driver/Inc -I../Drivers/STM32F3xx_HAL_Driver/Inc/Legacy -I../Drivers/CMSIS/Device/ST/STM32F3xx/Include -I../Drivers/CMSIS/Include -O0 -ffunction-sections -fdata-sections -Wall -fstack-usage -fcyclomatic-complexity -MMD -MP -MF"Core/Src/main.d" -MT"Core/Src/main.o" --specs=nano.specs -mfpu=fpv4-sp-d16 -mfloat-abi=hard -mthumb -o "Core/Src/main.o"
../Core/Src/main.c: In function 'main':
../Core/Src/main.c:146:14: warning: unused variable 'charbuf' [-Wunused-variable]
  146 |         char charbuf[64];
      |              ^~~~~~~
../Core/Src/main.c:145:13: warning: unused variable 'i' [-Wunused-variable]
  145 |         int i = 3;
      |             ^
../Core/Src/main.c:112:15: warning: unused variable 'f' [-Wunused-variable]
  112 |         float f = 4;
      |               ^
../Core/Src/main.c:111:17: warning: unused variable 'floatbuf' [-Wunused-variable]
  111 |         uint8_t floatbuf[4];
      |                 ^~~~~~~~
../Core/Src/main.c:172:30: warning: 'prevTick' is used uninitialized [-Wuninitialized]
  172 |                 if (currtick - prevTick > 750) {
      |                     ~~~~~~~~~^~~~~~~~~~
../Core/Src/main.c:109:13: note: 'prevTick' was declared here
  109 |         int prevTick;
      |             ^~~~~~~~
arm-none-eabi-gcc -o "RaspberryPiUARTExample.elf" @"objects.list"   -mcpu=cortex-m4 -T"C:\Users\15149\Coding-Projects\Sunstang\VCU_STM32_2024\RaspberryPiUARTExample\STM32F302R8TX_FLASH.ld" --specs=nosys.specs -Wl,-Map="RaspberryPiUARTExample.map" -Wl,--gc-sections -static --specs=nano.specs -mfpu=fpv4-sp-d16 -mfloat-abi=hard -mthumb -Wl,--start-group -lc -lm -Wl,--end-group
Finished building target: RaspberryPiUARTExample.elf
 
arm-none-eabi-size  RaspberryPiUARTExample.elf 
arm-none-eabi-objdump -h -S RaspberryPiUARTExample.elf  > "RaspberryPiUARTExample.list"
   text	   data	    bss	    dec	    hex	filename
  15272	     92	   2108	  17472	   4440	RaspberryPiUARTExample.elf
Finished building: default.size.stdout
 
Finished building: RaspberryPiUARTExample.list
 
19:26:01 **** Incremental Build of configuration Debug for project RaspberryPiUARTExample ****
make -j12 all 
arm-none-eabi-size  RaspberryPiUARTExample.elf 
   text	   data	    bss	    dec	    hex	filename
  15272	     92	   2108	  17472	   4440	RaspberryPiUARTExample.elf
Finished building: default.size.stdout
 
19:26:21 **** Incremental Build of configuration Debug for project RaspberryPiUARTExample ****
make -j12 all 
arm-none-eabi-size  RaspberryPiUARTExample.elf 
   text	   data	    bss	    dec	    hex	filename
  15272	     92	   2108	  17472	   4440	RaspberryPiUARTExample.elf
Finished building: default.size.stdout
 
19:26:31 **** Incremental Build of configuration Debug for project RaspberryPiUARTExample ****
make -j12 all 
arm-none-eabi-size  RaspberryPiUARTExample.elf 
   text	   data	    bss	    dec	    hex	filename
  15272	     92	   2108	  17472	   4440	RaspberryPiUARTExample.elf
Finished building: default.size.stdout
 
19:26:50 **** Incremental Build of configuration Debug for project RaspberryPiUARTExample ****
make -j12 all 
arm-none-eabi-size  RaspberryPiUARTExample.elf 
   text	   data	    bss	    dec	    hex	filename
  15272	     92	   2108	  17472	   4440	RaspberryPiUARTExample.elf
Finished building: default.size.stdout
 
19:28:16 **** Incremental Build of configuration Debug for project RaspberryPiUARTExample ****
make -j12 all 
arm-none-eabi-gcc "../Core/Src/main.c" -mcpu=cortex-m4 -std=gnu11 -g3 -DDEBUG -DUSE_HAL_DRIVER -DSTM32F302x8 -c -I../Core/Inc -I../Drivers/STM32F3xx_HAL_Driver/Inc -I../Drivers/STM32F3xx_HAL_Driver/Inc/Legacy -I../Drivers/CMSIS/Device/ST/STM32F3xx/Include -I../Drivers/CMSIS/Include -O0 -ffunction-sections -fdata-sections -Wall -fstack-usage -fcyclomatic-complexity -MMD -MP -MF"Core/Src/main.d" -MT"Core/Src/main.o" --specs=nano.specs -mfpu=fpv4-sp-d16 -mfloat-abi=hard -mthumb -o "Core/Src/main.o"
../Core/Src/main.c: In function 'main':
../Core/Src/main.c:167:17: error: stray '`' in program
  167 |                 `
      |                 ^
../Core/Src/main.c:146:14: warning: unused variable 'charbuf' [-Wunused-variable]
  146 |         char charbuf[64];
      |              ^~~~~~~
../Core/Src/main.c:145:13: warning: unused variable 'i' [-Wunused-variable]
  145 |         int i = 3;
      |             ^
../Core/Src/main.c:112:15: warning: unused variable 'f' [-Wunused-variable]
  112 |         float f = 4;
      |               ^
../Core/Src/main.c:111:17: warning: unused variable 'floatbuf' [-Wunused-variable]
  111 |         uint8_t floatbuf[4];
      |                 ^~~~~~~~
make: *** [Core/Src/subdir.mk:34: Core/Src/main.o] Error 1
"make -j12 all" terminated with exit code 2. Build might be incomplete.
19:29:24 **** Incremental Build of configuration Debug for project RaspberryPiUARTExample ****
make -j12 all 
arm-none-eabi-gcc "../Core/Src/main.c" -mcpu=cortex-m4 -std=gnu11 -g3 -DDEBUG -DUSE_HAL_DRIVER -DSTM32F302x8 -c -I../Core/Inc -I../Drivers/STM32F3xx_HAL_Driver/Inc -I../Drivers/STM32F3xx_HAL_Driver/Inc/Legacy -I../Drivers/CMSIS/Device/ST/STM32F3xx/Include -I../Drivers/CMSIS/Include -O0 -ffunction-sections -fdata-sections -Wall -fstack-usage -fcyclomatic-complexity -MMD -MP -MF"Core/Src/main.d" -MT"Core/Src/main.o" --specs=nano.specs -mfpu=fpv4-sp-d16 -mfloat-abi=hard -mthumb -o "Core/Src/main.o"
../Core/Src/main.c: In function 'main':
../Core/Src/main.c:167:17: error: stray '`' in program
  167 |                 `
      |                 ^
../Core/Src/main.c:146:14: warning: unused variable 'charbuf' [-Wunused-variable]
  146 |         char charbuf[64];
      |              ^~~~~~~
../Core/Src/main.c:145:13: warning: unused variable 'i' [-Wunused-variable]
  145 |         int i = 3;
      |             ^
../Core/Src/main.c:112:15: warning: unused variable 'f' [-Wunused-variable]
  112 |         float f = 4;
      |               ^
../Core/Src/main.c:111:17: warning: unused variable 'floatbuf' [-Wunused-variable]
  111 |         uint8_t floatbuf[4];
      |                 ^~~~~~~~
make: *** [Core/Src/subdir.mk:34: Core/Src/main.o] Error 1
"make -j12 all" terminated with exit code 2. Build might be incomplete.
19:31:02 **** Build of configuration Debug for project ADC_DMA_example ****
make -j12 all 
arm-none-eabi-gcc "../Drivers/STM32F3xx_HAL_Driver/Src/stm32f3xx_hal.c" -mcpu=cortex-m4 -std=gnu11 -g3 -DDEBUG -DUSE_HAL_DRIVER -DSTM32F302x8 -c -I../Core/Inc -I../Drivers/STM32F3xx_HAL_Driver/Inc -I../Drivers/STM32F3xx_HAL_Driver/Inc/Legacy -I../Drivers/CMSIS/Device/ST/STM32F3xx/Include -I../Drivers/CMSIS/Include -O0 -ffunction-sections -fdata-sections -Wall -fstack-usage -fcyclomatic-complexity -MMD -MP -MF"Drivers/STM32F3xx_HAL_Driver/Src/stm32f3xx_hal.d" -MT"Drivers/STM32F3xx_HAL_Driver/Src/stm32f3xx_hal.o" --specs=nano.specs -mfpu=fpv4-sp-d16 -mfloat-abi=hard -mthumb -o "Drivers/STM32F3xx_HAL_Driver/Src/stm32f3xx_hal.o"
arm-none-eabi-gcc "../Drivers/STM32F3xx_HAL_Driver/Src/stm32f3xx_hal_cortex.c" -mcpu=cortex-m4 -std=gnu11 -g3 -DDEBUG -DUSE_HAL_DRIVER -DSTM32F302x8 -c -I../Core/Inc -I../Drivers/STM32F3xx_HAL_Driver/Inc -I../Drivers/STM32F3xx_HAL_Driver/Inc/Legacy -I../Drivers/CMSIS/Device/ST/STM32F3xx/Include -I../Drivers/CMSIS/Include -O0 -ffunction-sections -fdata-sections -Wall -fstack-usage -fcyclomatic-complexity -MMD -MP -MF"Drivers/STM32F3xx_HAL_Driver/Src/stm32f3xx_hal_cortex.d" -MT"Drivers/STM32F3xx_HAL_Driver/Src/stm32f3xx_hal_cortex.o" --specs=nano.specs -mfpu=fpv4-sp-d16 -mfloat-abi=hard -mthumb -o "Drivers/STM32F3xx_HAL_Driver/Src/stm32f3xx_hal_cortex.o"
arm-none-eabi-gcc "../Drivers/STM32F3xx_HAL_Driver/Src/stm32f3xx_hal_dma.c" -mcpu=cortex-m4 -std=gnu11 -g3 -DDEBUG -DUSE_HAL_DRIVER -DSTM32F302x8 -c -I../Core/Inc -I../Drivers/STM32F3xx_HAL_Driver/Inc -I../Drivers/STM32F3xx_HAL_Driver/Inc/Legacy -I../Drivers/CMSIS/Device/ST/STM32F3xx/Include -I../Drivers/CMSIS/Include -O0 -ffunction-sections -fdata-sections -Wall -fstack-usage -fcyclomatic-complexity -MMD -MP -MF"Drivers/STM32F3xx_HAL_Driver/Src/stm32f3xx_hal_dma.d" -MT"Drivers/STM32F3xx_HAL_Driver/Src/stm32f3xx_hal_dma.o" --specs=nano.specs -mfpu=fpv4-sp-d16 -mfloat-abi=hard -mthumb -o "Drivers/STM32F3xx_HAL_Driver/Src/stm32f3xx_hal_dma.o"
arm-none-eabi-gcc "../Drivers/STM32F3xx_HAL_Driver/Src/stm32f3xx_hal_exti.c" -mcpu=cortex-m4 -std=gnu11 -g3 -DDEBUG -DUSE_HAL_DRIVER -DSTM32F302x8 -c -I../Core/Inc -I../Drivers/STM32F3xx_HAL_Driver/Inc -I../Drivers/STM32F3xx_HAL_Driver/Inc/Legacy -I../Drivers/CMSIS/Device/ST/STM32F3xx/Include -I../Drivers/CMSIS/Include -O0 -ffunction-sections -fdata-sections -Wall -fstack-usage -fcyclomatic-complexity -MMD -MP -MF"Drivers/STM32F3xx_HAL_Driver/Src/stm32f3xx_hal_exti.d" -MT"Drivers/STM32F3xx_HAL_Driver/Src/stm32f3xx_hal_exti.o" --specs=nano.specs -mfpu=fpv4-sp-d16 -mfloat-abi=hard -mthumb -o "Drivers/STM32F3xx_HAL_Driver/Src/stm32f3xx_hal_exti.o"
arm-none-eabi-gcc "../Drivers/STM32F3xx_HAL_Driver/Src/stm32f3xx_hal_flash.c" -mcpu=cortex-m4 -std=gnu11 -g3 -DDEBUG -DUSE_HAL_DRIVER -DSTM32F302x8 -c -I../Core/Inc -I../Drivers/STM32F3xx_HAL_Driver/Inc -I../Drivers/STM32F3xx_HAL_Driver/Inc/Legacy -I../Drivers/CMSIS/Device/ST/STM32F3xx/Include -I../Drivers/CMSIS/Include -O0 -ffunction-sections -fdata-sections -Wall -fstack-usage -fcyclomatic-complexity -MMD -MP -MF"Drivers/STM32F3xx_HAL_Driver/Src/stm32f3xx_hal_flash.d" -MT"Drivers/STM32F3xx_HAL_Driver/Src/stm32f3xx_hal_flash.o" --specs=nano.specs -mfpu=fpv4-sp-d16 -mfloat-abi=hard -mthumb -o "Drivers/STM32F3xx_HAL_Driver/Src/stm32f3xx_hal_flash.o"
arm-none-eabi-gcc "../Drivers/STM32F3xx_HAL_Driver/Src/stm32f3xx_hal_flash_ex.c" -mcpu=cortex-m4 -std=gnu11 -g3 -DDEBUG -DUSE_HAL_DRIVER -DSTM32F302x8 -c -I../Core/Inc -I../Drivers/STM32F3xx_HAL_Driver/Inc -I../Drivers/STM32F3xx_HAL_Driver/Inc/Legacy -I../Drivers/CMSIS/Device/ST/STM32F3xx/Include -I../Drivers/CMSIS/Include -O0 -ffunction-sections -fdata-sections -Wall -fstack-usage -fcyclomatic-complexity -MMD -MP -MF"Drivers/STM32F3xx_HAL_Driver/Src/stm32f3xx_hal_flash_ex.d" -MT"Drivers/STM32F3xx_HAL_Driver/Src/stm32f3xx_hal_flash_ex.o" --specs=nano.specs -mfpu=fpv4-sp-d16 -mfloat-abi=hard -mthumb -o "Drivers/STM32F3xx_HAL_Driver/Src/stm32f3xx_hal_flash_ex.o"
arm-none-eabi-gcc "../Drivers/STM32F3xx_HAL_Driver/Src/stm32f3xx_hal_gpio.c" -mcpu=cortex-m4 -std=gnu11 -g3 -DDEBUG -DUSE_HAL_DRIVER -DSTM32F302x8 -c -I../Core/Inc -I../Drivers/STM32F3xx_HAL_Driver/Inc -I../Drivers/STM32F3xx_HAL_Driver/Inc/Legacy -I../Drivers/CMSIS/Device/ST/STM32F3xx/Include -I../Drivers/CMSIS/Include -O0 -ffunction-sections -fdata-sections -Wall -fstack-usage -fcyclomatic-complexity -MMD -MP -MF"Drivers/STM32F3xx_HAL_Driver/Src/stm32f3xx_hal_gpio.d" -MT"Drivers/STM32F3xx_HAL_Driver/Src/stm32f3xx_hal_gpio.o" --specs=nano.specs -mfpu=fpv4-sp-d16 -mfloat-abi=hard -mthumb -o "Drivers/STM32F3xx_HAL_Driver/Src/stm32f3xx_hal_gpio.o"
arm-none-eabi-gcc "../Drivers/STM32F3xx_HAL_Driver/Src/stm32f3xx_hal_i2c.c" -mcpu=cortex-m4 -std=gnu11 -g3 -DDEBUG -DUSE_HAL_DRIVER -DSTM32F302x8 -c -I../Core/Inc -I../Drivers/STM32F3xx_HAL_Driver/Inc -I../Drivers/STM32F3xx_HAL_Driver/Inc/Legacy -I../Drivers/CMSIS/Device/ST/STM32F3xx/Include -I../Drivers/CMSIS/Include -O0 -ffunction-sections -fdata-sections -Wall -fstack-usage -fcyclomatic-complexity -MMD -MP -MF"Drivers/STM32F3xx_HAL_Driver/Src/stm32f3xx_hal_i2c.d" -MT"Drivers/STM32F3xx_HAL_Driver/Src/stm32f3xx_hal_i2c.o" --specs=nano.specs -mfpu=fpv4-sp-d16 -mfloat-abi=hard -mthumb -o "Drivers/STM32F3xx_HAL_Driver/Src/stm32f3xx_hal_i2c.o"
arm-none-eabi-gcc "../Drivers/STM32F3xx_HAL_Driver/Src/stm32f3xx_hal_i2c_ex.c" -mcpu=cortex-m4 -std=gnu11 -g3 -DDEBUG -DUSE_HAL_DRIVER -DSTM32F302x8 -c -I../Core/Inc -I../Drivers/STM32F3xx_HAL_Driver/Inc -I../Drivers/STM32F3xx_HAL_Driver/Inc/Legacy -I../Drivers/CMSIS/Device/ST/STM32F3xx/Include -I../Drivers/CMSIS/Include -O0 -ffunction-sections -fdata-sections -Wall -fstack-usage -fcyclomatic-complexity -MMD -MP -MF"Drivers/STM32F3xx_HAL_Driver/Src/stm32f3xx_hal_i2c_ex.d" -MT"Drivers/STM32F3xx_HAL_Driver/Src/stm32f3xx_hal_i2c_ex.o" --specs=nano.specs -mfpu=fpv4-sp-d16 -mfloat-abi=hard -mthumb -o "Drivers/STM32F3xx_HAL_Driver/Src/stm32f3xx_hal_i2c_ex.o"
arm-none-eabi-gcc "../Drivers/STM32F3xx_HAL_Driver/Src/stm32f3xx_hal_pwr.c" -mcpu=cortex-m4 -std=gnu11 -g3 -DDEBUG -DUSE_HAL_DRIVER -DSTM32F302x8 -c -I../Core/Inc -I../Drivers/STM32F3xx_HAL_Driver/Inc -I../Drivers/STM32F3xx_HAL_Driver/Inc/Legacy -I../Drivers/CMSIS/Device/ST/STM32F3xx/Include -I../Drivers/CMSIS/Include -O0 -ffunction-sections -fdata-sections -Wall -fstack-usage -fcyclomatic-complexity -MMD -MP -MF"Drivers/STM32F3xx_HAL_Driver/Src/stm32f3xx_hal_pwr.d" -MT"Drivers/STM32F3xx_HAL_Driver/Src/stm32f3xx_hal_pwr.o" --specs=nano.specs -mfpu=fpv4-sp-d16 -mfloat-abi=hard -mthumb -o "Drivers/STM32F3xx_HAL_Driver/Src/stm32f3xx_hal_pwr.o"
arm-none-eabi-gcc "../Drivers/STM32F3xx_HAL_Driver/Src/stm32f3xx_hal_pwr_ex.c" -mcpu=cortex-m4 -std=gnu11 -g3 -DDEBUG -DUSE_HAL_DRIVER -DSTM32F302x8 -c -I../Core/Inc -I../Drivers/STM32F3xx_HAL_Driver/Inc -I../Drivers/STM32F3xx_HAL_Driver/Inc/Legacy -I../Drivers/CMSIS/Device/ST/STM32F3xx/Include -I../Drivers/CMSIS/Include -O0 -ffunction-sections -fdata-sections -Wall -fstack-usage -fcyclomatic-complexity -MMD -MP -MF"Drivers/STM32F3xx_HAL_Driver/Src/stm32f3xx_hal_pwr_ex.d" -MT"Drivers/STM32F3xx_HAL_Driver/Src/stm32f3xx_hal_pwr_ex.o" --specs=nano.specs -mfpu=fpv4-sp-d16 -mfloat-abi=hard -mthumb -o "Drivers/STM32F3xx_HAL_Driver/Src/stm32f3xx_hal_pwr_ex.o"
[...]
  690 |                         memcpy(buf AvgVelocity.byte, sizeof(float)); // Vehicle velocity
      |                         ^~~~~~
In file included from ../Core/Src/main.c:25:
C:\ST\STM32CubeIDE_1.16.0\STM32CubeIDE\plugins\com.st.stm32cube.ide.mcu.externaltools.gnu-tools-for-stm32.12.3.rel1.win32_1.0.200.202406191623\tools\bin/../lib/gcc/arm-none-eabi/12.3.1/../../../../arm-none-eabi/include/string.h:31:10: note: declared here
   31 | void *   memcpy (void *__restrict, const void *__restrict, size_t);
      |          ^~~~~~
../Core/Src/main.c:839:41: warning: array subscript has type 'char' [-Wchar-subscripts]
  839 |                                 RPM.byte[i] = RxData[i];
      |                                         ^
../Core/Src/main.c:839:53: warning: array subscript has type 'char' [-Wchar-subscripts]
  839 |                                 RPM.byte[i] = RxData[i];
      |                                                     ^
make: *** [Core/Src/subdir.mk:34: Core/Src/main.o] Error 1
"make -j12 all" terminated with exit code 2. Build might be incomplete.
22:00:38 **** Incremental Build of configuration Debug for project Testing ****
make -j12 all 
arm-none-eabi-gcc "../Core/Src/main.c" -mcpu=cortex-m4 -std=gnu11 -g3 -DDEBUG -DUSE_HAL_DRIVER -DSTM32F302x8 -c -I../Core/Inc -I../Drivers/STM32F3xx_HAL_Driver/Inc -I../Drivers/STM32F3xx_HAL_Driver/Inc/Legacy -I../Drivers/CMSIS/Device/ST/STM32F3xx/Include -I../Drivers/CMSIS/Include -O0 -ffunction-sections -fdata-sections -Wall -fstack-usage -fcyclomatic-complexity -MMD -MP -MF"Core/Src/main.d" -MT"Core/Src/main.o" --specs=nano.specs -mfpu=fpv4-sp-d16 -mfloat-abi=hard -mthumb -o "Core/Src/main.o"
../Core/Src/main.c: In function 'HAL_CAN_RxFifo1MsgPendingCallback':
../Core/Src/main.c:174:9: error: case label does not reduce to an integer constant
  174 |         case IdentificationID:
      |         ^~~~
../Core/Src/main.c:188:9: error: case label does not reduce to an integer constant
  188 |         case VelocityIdMC1:
      |         ^~~~
../Core/Src/main.c:194:9: error: case label does not reduce to an integer constant
  194 |         case VelocityIdMC2:
      |         ^~~~
../Core/Src/main.c:201:9: error: case label does not reduce to an integer constant
  201 |         case HeatSinkIdMC1:
      |         ^~~~
../Core/Src/main.c:203:24: error: 'MotorTemp' undeclared (first use in this function)
  203 |                 memcpy(MotorTemp.byte, RxData, MCmsgSize);
      |                        ^~~~~~~~~
../Core/Src/main.c:203:24: note: each undeclared identifier is reported only once for each function it appears in
../Core/Src/main.c:207:9: error: case label does not reduce to an integer constant
  207 |         case HeatSinkIdMC2:
      |         ^~~~
../Core/Src/main.c:215:9: error: case label does not reduce to an integer constant
  215 |         case BMSTempId:
      |         ^~~~
../Core/Src/main.c:221:9: error: case label does not reduce to an integer constant
  221 |         case BMSVoltageId:
      |         ^~~~
../Core/Src/main.c:227:9: error: case label does not reduce to an integer constant
  227 |         case BMSCurrentId:
      |         ^~~~
../Core/Src/main.c: At top level:
../Core/Src/main.c:284:27: warning: unsigned conversion from 'int' to 'uint8_t' {aka 'unsigned char'} changes value from '750' to '238' [-Woverflow]
  284 | uint8_t LowPriorityWait = 750;
      |                           ^~~
../Core/Src/main.c:295:22: warning: unsigned conversion from 'int' to 'uint8_t' {aka 'unsigned char'} changes value from '1000' to '232' [-Woverflow]
  295 | uint8_t SignalWait = 1000; // accounts for left, right signals, and hazards
      |                      ^~~~
../Core/Src/main.c:297:22: warning: unsigned conversion from 'int' to 'uint8_t' {aka 'unsigned char'} changes value from '1000' to '232' [-Woverflow]
  297 | uint8_t RPiMsgWait = 1000;
      |                      ^~~~
../Core/Src/main.c: In function 'motor_control':
../Core/Src/main.c:315:42: warning: operation on 'DesiredCurrent.f' may be undefined [-Wsequence-point]
  315 |                         DesiredCurrent.f = DesiredCurrent.f = 0.00000006
      |                         ~~~~~~~~~~~~~~~~~^~~~~~~~~~~~~~~~~~~~~~~~~~~~~~~
  316 |                                         * (pow((float) Acceleration, 2));
      |                                         ~~~~~~~~~~~~~~~~~~~~~~~~~~~~~~~~
../Core/Src/main.c:325:34: warning: operation on 'DesiredCurrent.f' may be undefined [-Wsequence-point]
  325 |                 DesiredCurrent.f = DesiredCurrent.f = 0.00000006
      |                 ~~~~~~~~~~~~~~~~~^~~~~~~~~~~~~~~~~~~~~~~~~~~~~~~
  326 |                                 * (pow((float) Acceleration, 2));
      |                                 ~~~~~~~~~~~~~~~~~~~~~~~~~~~~~~~~
../Core/Src/main.c: In function 'main':
../Core/Src/main.c:623:49: error: 'GPIO_Pin_RESET' undeclared (first use in this function); did you mean 'GPIO_PIN_RESET'?
  623 |                                                 GPIO_Pin_RESET);
      |                                                 ^~~~~~~~~~~~~~
      |                                                 GPIO_PIN_RESET
../Core/Src/main.c:646:49: error: 'GPIO_Pin_SET' undeclared (first use in this function); did you mean 'GPIO_PIN_SET'?
  646 |                                                 GPIO_Pin_SET);
      |                                                 ^~~~~~~~~~~~
      |                                                 GPIO_PIN_SET
../Core/Src/main.c:839:41: warning: array subscript has type 'char' [-Wchar-subscripts]
  839 |                                 RPM.byte[i] = RxData[i];
      |                                         ^
../Core/Src/main.c:839:53: warning: array subscript has type 'char' [-Wchar-subscripts]
  839 |                                 RPM.byte[i] = RxData[i];
      |                                                     ^
make: *** [Core/Src/subdir.mk:34: Core/Src/main.o] Error 1
"make -j12 all" terminated with exit code 2. Build might be incomplete.
22:01:01 **** Incremental Build of configuration Debug for project Testing ****
make -j12 all 
arm-none-eabi-gcc "../Core/Src/main.c" -mcpu=cortex-m4 -std=gnu11 -g3 -DDEBUG -DUSE_HAL_DRIVER -DSTM32F302x8 -c -I../Core/Inc -I../Drivers/STM32F3xx_HAL_Driver/Inc -I../Drivers/STM32F3xx_HAL_Driver/Inc/Legacy -I../Drivers/CMSIS/Device/ST/STM32F3xx/Include -I../Drivers/CMSIS/Include -O0 -ffunction-sections -fdata-sections -Wall -fstack-usage -fcyclomatic-complexity -MMD -MP -MF"Core/Src/main.d" -MT"Core/Src/main.o" --specs=nano.specs -mfpu=fpv4-sp-d16 -mfloat-abi=hard -mthumb -o "Core/Src/main.o"
../Core/Src/main.c: In function 'HAL_CAN_RxFifo1MsgPendingCallback':
../Core/Src/main.c:174:9: error: case label does not reduce to an integer constant
  174 |         case IdentificationID:
      |         ^~~~
../Core/Src/main.c:188:9: error: case label does not reduce to an integer constant
  188 |         case VelocityIdMC1:
      |         ^~~~
../Core/Src/main.c:194:9: error: case label does not reduce to an integer constant
  194 |         case VelocityIdMC2:
      |         ^~~~
../Core/Src/main.c:201:9: error: case label does not reduce to an integer constant
  201 |         case HeatSinkIdMC1:
      |         ^~~~
../Core/Src/main.c:203:24: error: 'MotorTemp' undeclared (first use in this function)
  203 |                 memcpy(MotorTemp.byte, RxData, MCmsgSize);
      |                        ^~~~~~~~~
../Core/Src/main.c:203:24: note: each undeclared identifier is reported only once for each function it appears in
../Core/Src/main.c:207:9: error: case label does not reduce to an integer constant
  207 |         case HeatSinkIdMC2:
      |         ^~~~
../Core/Src/main.c:215:9: error: case label does not reduce to an integer constant
  215 |         case BMSTempId:
      |         ^~~~
../Core/Src/main.c:221:9: error: case label does not reduce to an integer constant
  221 |         case BMSVoltageId:
      |         ^~~~
../Core/Src/main.c:227:9: error: case label does not reduce to an integer constant
  227 |         case BMSCurrentId:
      |         ^~~~
../Core/Src/main.c: At top level:
../Core/Src/main.c:284:27: warning: unsigned conversion from 'int' to 'uint8_t' {aka 'unsigned char'} changes value from '750' to '238' [-Woverflow]
  284 | uint8_t LowPriorityWait = 750;
      |                           ^~~
../Core/Src/main.c:295:22: warning: unsigned conversion from 'int' to 'uint8_t' {aka 'unsigned char'} changes value from '1000' to '232' [-Woverflow]
  295 | uint8_t SignalWait = 1000; // accounts for left, right signals, and hazards
      |                      ^~~~
../Core/Src/main.c:297:22: warning: unsigned conversion from 'int' to 'uint8_t' {aka 'unsigned char'} changes value from '1000' to '232' [-Woverflow]
  297 | uint8_t RPiMsgWait = 1000;
      |                      ^~~~
../Core/Src/main.c: In function 'motor_control':
../Core/Src/main.c:315:42: warning: operation on 'DesiredCurrent.f' may be undefined [-Wsequence-point]
  315 |                         DesiredCurrent.f = DesiredCurrent.f = 0.00000006
      |                         ~~~~~~~~~~~~~~~~~^~~~~~~~~~~~~~~~~~~~~~~~~~~~~~~
  316 |                                         * (pow((float) Acceleration, 2));
      |                                         ~~~~~~~~~~~~~~~~~~~~~~~~~~~~~~~~
../Core/Src/main.c:325:34: warning: operation on 'DesiredCurrent.f' may be undefined [-Wsequence-point]
  325 |                 DesiredCurrent.f = DesiredCurrent.f = 0.00000006
      |                 ~~~~~~~~~~~~~~~~~^~~~~~~~~~~~~~~~~~~~~~~~~~~~~~~
  326 |                                 * (pow((float) Acceleration, 2));
      |                                 ~~~~~~~~~~~~~~~~~~~~~~~~~~~~~~~~
../Core/Src/main.c: In function 'main':
../Core/Src/main.c:671:49: error: 'GPIO_Pin_RESET' undeclared (first use in this function); did you mean 'GPIO_PIN_RESET'?
  671 |                                                 GPIO_Pin_RESET);
      |                                                 ^~~~~~~~~~~~~~
      |                                                 GPIO_PIN_RESET
../Core/Src/main.c:675:49: error: 'GPIO_Pin_SET' undeclared (first use in this function); did you mean 'GPIO_PIN_SET'?
  675 |                                                 GPIO_Pin_SET);
      |                                                 ^~~~~~~~~~~~
      |                                                 GPIO_PIN_SET
../Core/Src/main.c:839:41: warning: array subscript has type 'char' [-Wchar-subscripts]
  839 |                                 RPM.byte[i] = RxData[i];
      |                                         ^
../Core/Src/main.c:839:53: warning: array subscript has type 'char' [-Wchar-subscripts]
  839 |                                 RPM.byte[i] = RxData[i];
      |                                                     ^
make: *** [Core/Src/subdir.mk:34: Core/Src/main.o] Error 1
"make -j12 all" terminated with exit code 2. Build might be incomplete.
22:01:28 **** Incremental Build of configuration Debug for project Testing ****
make -j12 all 
arm-none-eabi-gcc "../Core/Src/main.c" -mcpu=cortex-m4 -std=gnu11 -g3 -DDEBUG -DUSE_HAL_DRIVER -DSTM32F302x8 -c -I../Core/Inc -I../Drivers/STM32F3xx_HAL_Driver/Inc -I../Drivers/STM32F3xx_HAL_Driver/Inc/Legacy -I../Drivers/CMSIS/Device/ST/STM32F3xx/Include -I../Drivers/CMSIS/Include -O0 -ffunction-sections -fdata-sections -Wall -fstack-usage -fcyclomatic-complexity -MMD -MP -MF"Core/Src/main.d" -MT"Core/Src/main.o" --specs=nano.specs -mfpu=fpv4-sp-d16 -mfloat-abi=hard -mthumb -o "Core/Src/main.o"
../Core/Src/main.c: In function 'HAL_CAN_RxFifo1MsgPendingCallback':
../Core/Src/main.c:174:9: error: case label does not reduce to an integer constant
  174 |         case IdentificationID:
      |         ^~~~
../Core/Src/main.c:188:9: error: case label does not reduce to an integer constant
  188 |         case VelocityIdMC1:
      |         ^~~~
../Core/Src/main.c:194:9: error: case label does not reduce to an integer constant
  194 |         case VelocityIdMC2:
      |         ^~~~
../Core/Src/main.c:201:9: error: case label does not reduce to an integer constant
  201 |         case HeatSinkIdMC1:
      |         ^~~~
../Core/Src/main.c:203:24: error: 'MotorTemp' undeclared (first use in this function)
  203 |                 memcpy(MotorTemp.byte, RxData, MCmsgSize);
      |                        ^~~~~~~~~
../Core/Src/main.c:203:24: note: each undeclared identifier is reported only once for each function it appears in
../Core/Src/main.c:207:9: error: case label does not reduce to an integer constant
  207 |         case HeatSinkIdMC2:
      |         ^~~~
../Core/Src/main.c:215:9: error: case label does not reduce to an integer constant
  215 |         case BMSTempId:
      |         ^~~~
../Core/Src/main.c:221:9: error: case label does not reduce to an integer constant
  221 |         case BMSVoltageId:
      |         ^~~~
../Core/Src/main.c:227:9: error: case label does not reduce to an integer constant
  227 |         case BMSCurrentId:
      |         ^~~~
../Core/Src/main.c: At top level:
../Core/Src/main.c:284:27: warning: unsigned conversion from 'int' to 'uint8_t' {aka 'unsigned char'} changes value from '750' to '238' [-Woverflow]
  284 | uint8_t LowPriorityWait = 750;
      |                           ^~~
../Core/Src/main.c:295:22: warning: unsigned conversion from 'int' to 'uint8_t' {aka 'unsigned char'} changes value from '1000' to '232' [-Woverflow]
  295 | uint8_t SignalWait = 1000; // accounts for left, right signals, and hazards
      |                      ^~~~
../Core/Src/main.c:297:22: warning: unsigned conversion from 'int' to 'uint8_t' {aka 'unsigned char'} changes value from '1000' to '232' [-Woverflow]
  297 | uint8_t RPiMsgWait = 1000;
      |                      ^~~~
../Core/Src/main.c: In function 'motor_control':
../Core/Src/main.c:315:42: warning: operation on 'DesiredCurrent.f' may be undefined [-Wsequence-point]
  315 |                         DesiredCurrent.f = DesiredCurrent.f = 0.00000006
      |                         ~~~~~~~~~~~~~~~~~^~~~~~~~~~~~~~~~~~~~~~~~~~~~~~~
  316 |                                         * (pow((float) Acceleration, 2));
      |                                         ~~~~~~~~~~~~~~~~~~~~~~~~~~~~~~~~
../Core/Src/main.c:325:34: warning: operation on 'DesiredCurrent.f' may be undefined [-Wsequence-point]
  325 |                 DesiredCurrent.f = DesiredCurrent.f = 0.00000006
      |                 ~~~~~~~~~~~~~~~~~^~~~~~~~~~~~~~~~~~~~~~~~~~~~~~~
  326 |                                 * (pow((float) Acceleration, 2));
      |                                 ~~~~~~~~~~~~~~~~~~~~~~~~~~~~~~~~
../Core/Src/main.c: In function 'main':
../Core/Src/main.c:673:49: error: 'GPIO_Pin_RESET' undeclared (first use in this function); did you mean 'GPIO_PIN_RESET'?
  673 |                                                 GPIO_Pin_RESET);
      |                                                 ^~~~~~~~~~~~~~
      |                                                 GPIO_PIN_RESET
../Core/Src/main.c:839:41: warning: array subscript has type 'char' [-Wchar-subscripts]
  839 |                                 RPM.byte[i] = RxData[i];
      |                                         ^
../Core/Src/main.c:839:53: warning: array subscript has type 'char' [-Wchar-subscripts]
  839 |                                 RPM.byte[i] = RxData[i];
      |                                                     ^
make: *** [Core/Src/subdir.mk:34: Core/Src/main.o] Error 1
"make -j12 all" terminated with exit code 2. Build might be incomplete.
22:01:54 **** Incremental Build of configuration Debug for project Testing ****
make -j12 all 
arm-none-eabi-gcc "../Core/Src/main.c" -mcpu=cortex-m4 -std=gnu11 -g3 -DDEBUG -DUSE_HAL_DRIVER -DSTM32F302x8 -c -I../Core/Inc -I../Drivers/STM32F3xx_HAL_Driver/Inc -I../Drivers/STM32F3xx_HAL_Driver/Inc/Legacy -I../Drivers/CMSIS/Device/ST/STM32F3xx/Include -I../Drivers/CMSIS/Include -O0 -ffunction-sections -fdata-sections -Wall -fstack-usage -fcyclomatic-complexity -MMD -MP -MF"Core/Src/main.d" -MT"Core/Src/main.o" --specs=nano.specs -mfpu=fpv4-sp-d16 -mfloat-abi=hard -mthumb -o "Core/Src/main.o"
../Core/Src/main.c: In function 'HAL_CAN_RxFifo1MsgPendingCallback':
../Core/Src/main.c:174:9: error: case label does not reduce to an integer constant
  174 |         case IdentificationID:
      |         ^~~~
../Core/Src/main.c:188:9: error: case label does not reduce to an integer constant
  188 |         case VelocityIdMC1:
      |         ^~~~
../Core/Src/main.c:194:9: error: case label does not reduce to an integer constant
  194 |         case VelocityIdMC2:
      |         ^~~~
../Core/Src/main.c:201:9: error: case label does not reduce to an integer constant
  201 |         case HeatSinkIdMC1:
      |         ^~~~
../Core/Src/main.c:203:24: error: 'MotorTemp' undeclared (first use in this function)
  203 |                 memcpy(MotorTemp.byte, RxData, MCmsgSize);
      |                        ^~~~~~~~~
../Core/Src/main.c:203:24: note: each undeclared identifier is reported only once for each function it appears in
../Core/Src/main.c:207:9: error: case label does not reduce to an integer constant
  207 |         case HeatSinkIdMC2:
      |         ^~~~
../Core/Src/main.c:215:9: error: case label does not reduce to an integer constant
  215 |         case BMSTempId:
      |         ^~~~
../Core/Src/main.c:221:9: error: case label does not reduce to an integer constant
  221 |         case BMSVoltageId:
      |         ^~~~
../Core/Src/main.c:227:9: error: case label does not reduce to an integer constant
  227 |         case BMSCurrentId:
      |         ^~~~
../Core/Src/main.c: At top level:
../Core/Src/main.c:284:27: warning: unsigned conversion from 'int' to 'uint8_t' {aka 'unsigned char'} changes value from '750' to '238' [-Woverflow]
  284 | uint8_t LowPriorityWait = 750;
      |                           ^~~
../Core/Src/main.c:295:22: warning: unsigned conversion from 'int' to 'uint8_t' {aka 'unsigned char'} changes value from '1000' to '232' [-Woverflow]
  295 | uint8_t SignalWait = 1000; // accounts for left, right signals, and hazards
      |                      ^~~~
../Core/Src/main.c:297:22: warning: unsigned conversion from 'int' to 'uint8_t' {aka 'unsigned char'} changes value from '1000' to '232' [-Woverflow]
  297 | uint8_t RPiMsgWait = 1000;
      |                      ^~~~
../Core/Src/main.c: In function 'motor_control':
../Core/Src/main.c:315:42: warning: operation on 'DesiredCurrent.f' may be undefined [-Wsequence-point]
  315 |                         DesiredCurrent.f = DesiredCurrent.f = 0.00000006
      |                         ~~~~~~~~~~~~~~~~~^~~~~~~~~~~~~~~~~~~~~~~~~~~~~~~
  316 |                                         * (pow((float) Acceleration, 2));
      |                                         ~~~~~~~~~~~~~~~~~~~~~~~~~~~~~~~~
../Core/Src/main.c:325:34: warning: operation on 'DesiredCurrent.f' may be undefined [-Wsequence-point]
  325 |                 DesiredCurrent.f = DesiredCurrent.f = 0.00000006
      |                 ~~~~~~~~~~~~~~~~~^~~~~~~~~~~~~~~~~~~~~~~~~~~~~~~
  326 |                                 * (pow((float) Acceleration, 2));
      |                                 ~~~~~~~~~~~~~~~~~~~~~~~~~~~~~~~~
../Core/Src/main.c: In function 'main':
../Core/Src/main.c:839:41: warning: array subscript has type 'char' [-Wchar-subscripts]
  839 |                                 RPM.byte[i] = RxData[i];
      |                                         ^
../Core/Src/main.c:839:53: warning: array subscript has type 'char' [-Wchar-subscripts]
  839 |                                 RPM.byte[i] = RxData[i];
      |                                                     ^
make: *** [Core/Src/subdir.mk:34: Core/Src/main.o] Error 1
"make -j12 all" terminated with exit code 2. Build might be incomplete.
